---
source: crates/vvv-tui/src/tests.rs
expression: render(&m)
---
┌ rename ● trait Language → Lang ────────────────────────────────────────────────────────┐
│lang/mod.rs:64                                                                          │
└────────────────────────────────────────────────────────────────────────────────────────┘
┌ ? unverified 1  1 file  ▪ 0 ──────────────┐┌ src/other.rs:13 ──────────────────────────┐
│▫ ∅ src/other.rs:10        Language::new() ││↗ re-export   reached through a re-export v│
│                                           ││                                           │
│                                           ││@@ -10,6 +10,6 @@                          │
│                                           ││ // line 10                                │
│                                           ││ // line 11                                │
│                                           ││ // line 12                                │
│                                           ││-    vvv::Language::default()              │
└───────────────────────────────────────────┘│+    vvv::Lang::default()                  │
┌ ✓ safe 3  3 files  ▪ 3 ───────────────────┐│ // line 14                                │
│▪ ● lang/mod.rs:64         pub trait Langu…││ // line 15                                │
│▪ → src/lib.rs:26          pub use lang::{…││                                           │
│▪ ↗ src/other.rs:13        vvv::Language::…││                                           │
│                                           ││                                           │
└───────────────────────────────────────────┘│                                           │
 ✗ another declaration's 0 ──────────────────└───────────────────────────────────────────┘
 rename space toggle  a all here  ⏎ apply 3 in 3 files  esc back  j/k move  e editor  ? ke
