---
source: crates/vvv-tui/src/tests.rs
expression: "FrameFixture::new(&m).render()"
---
┌ vvv ~/dev/nx ─────────────────────────────────────────────────────── ● 3  ○ 3  4 files ┐
│> ▏                                                                                     │
└────────────────────────────────────────────────────────────────────────────────────────┘
┌ results ──────────────────────────────────┐┌ app.rs ───────────────────────────────────┐
│● engine.rs:1            struct Engine     ││    1 │ use library::{Engine};             │
│● error.rs:2             variant Engine    ││    2 │ struct App {                       │
│● other.rs:1             struct Engine     ││    3 │     engine: Engine,                │
│→ app.rs:1               use library::{Eng…││    4 │ }                                  │
│  app.rs:3               engine: Engine,   ││                                           │
│  app.rs:5               Other::Engine     ││                                           │
└───────────────────────────────────────────┘│                                           │
┌ definition ───────────────────────────────┐│                                           │
│ pub struct Engine {                       ││                                           │
│     state: usize,                         ││                                           │
│ }                                         ││                                           │
│                                           ││                                           │
│                                           ││                                           │
│                                           ││                                           │
└───────────────────────────────────────────┘└───────────────────────────────────────────┘
 search ↓ results  ctrl+n ctrl+p walk
