---
source: crates/vvv-tui/src/tests.rs
assertion_line: 5699
expression: "FrameFixture::new(m).render_size(70, 18)"
---
┌ Source · src/a.rs ─────────────────────────────────────── 12–26/46 ┐
│   12 │‹11() {                                                     …│
│   13 │‹12() {                                                     …│
│   14 │‹13() {                                                     …│
│   15 │‹14() {                                                     …│
│   16 │‹15() {                                                     …│
│   17 │‹16() {                                                     …│
│   18 │‹17() {                                                     …│
│   19 │‹18() {                                                     …│
│   20 │‹19() {                                                     …│
│   21 │‹20() {                                                     …│
│   22 │‹21() {                                                     …│
│   23 │‹22() {                                                     …│
│   24 │‹23() {                                                     …│
│   25 │‹24() {                                                     …│
│   26 │‹25() {                                                     …│
└ /needle_31 · 0/1 · col 9 · expanded ───────────────────────────────┘
 workspace j/k scroll  d/u page  ⏎ follow  / find  : line     f1 help
