---
source: crates/vvv-tui/src/tests.rs
expression: "FrameFixture::new(&m).render()"
---
┌ vvv ~/dev/nx ─────────────────────────────────────────────────────────── Query · stale ┐
│> Alpha                                                                                 │
└ 1/2 · workspace · all results ─────────────────────────────────────────────────────────┘
┌ Files ─────────────────────── 1/1 · 1 hit ┐┌ definition · a.rs:1 ───────────────── 1–4 ┐
│> a.rs                                   1 ││ struct Alpha {                            │
│                                           ││     first: Beta,                          │
├ Matches ───────────────────────────── 1/1 ┤│     second: Beta,                         │
│> 1  struct Alpha {    first: Beta,    s…  ││ }                                         │
│                                           ││                                           │
│                                           ││                                           │
│                                           ││                                           │
│                                           ││                                           │
│                                           ││                                           │
│                                           ││                                           │
│                                           ││                                           │
│                                           ││                                           │
│                                           ││                                           │
│                                           ││                                           │
└ [All 1] Decl 1 Imp 0 Uses 0 ──────────────┘└───────────────────────────────────────────┘
 search  Saved source needs validation or refresh (ctrl+r)  j/k scroll  / find    f1 help
