---
source: crates/vvv/tests/corpus.rs
expression: "self.run(args, true)"
---
exit 0
--- stdout ---
{
  "result": {"outcome":"unavailable","reason":"external_source_unavailable","snapshot":"5eed1c1782abdda81e7f7a0454e8cb305d80507a9a4da8281ac020eaf655508e"},
  "schema": 1,
  "status": "ok"
}
--- stderr ---
