---
source: crates/vvv/tests/corpus.rs
expression: "corpus.run(args, true)"
---
exit 0
--- stdout ---
{
  "status": "ok",
  "schema": 1,
  "result": {
    "schemas_available": true,
    "validation_available": "<platform>",
    "validation_defaults": {
      "timeout_ms": 60000,
      "max_bytes": 16384
    },
    "schema": 1,
    "languages": [
      "rust",
      "typescript",
      "tsx"
    ],
    "commands": [
      {
        "schemas": {
          "arguments": "urn:vvv:schema:1:discard_plan:arguments:1b14ba87c3594cf55be54ee62304813a6cf389aca096b6c3070d65c88c5b8820",
          "request": "urn:vvv:schema:1:discard_plan:request:0100743e3c7d7cb579eea264a68a8c9b680cc6e6e95127c4bb179381e12227f9",
          "result": "urn:vvv:schema:1:discard_plan:result:ee18aaa5c469819d3d8bba1058f1a2ba90d41a91e474a264f5b570f621f96e61",
          "response": "urn:vvv:schema:1:discard_plan:response:ba9d49d5c1fe8590d2cb9201fdda7e7e2da372b78e37ca3df20ea3c544f6999c"
        },
        "command": "discard_plan",
        "read_only": true,
        "parameters": [
          "plan_id"
        ]
      },
      {
        "schemas": {
          "arguments": "urn:vvv:schema:1:apply_plan:arguments:7f1c3727bf90a122d09a1543d17da4c98571621cd5a799f97084608743f9ad64",
          "request": "urn:vvv:schema:1:apply_plan:request:7f45bd43906013bbec7abd9d5c19f63c2b67d3075eb34251e9e051dcc5c22331",
          "result": "urn:vvv:schema:1:apply_plan:result:ebf76de438485592364f74c82a4486813a7dc58873d4da8f0a6bc807974a1ea5",
          "response": "urn:vvv:schema:1:apply_plan:response:0a0aac3f5f68bb40c5d270d3069761811fc3ae3eea3593c3bec51fdba8d84393"
        },
        "command": "apply_plan",
        "read_only": false,
        "parameters": [
          "plan_id"
        ]
      },
      {
        "schemas": {
          "arguments": "urn:vvv:schema:1:validate_plan:arguments:f2a6f668772cb1200b236e062ea77ea992bd9173552237d67032b48cbfe58a4c",
          "request": "urn:vvv:schema:1:validate_plan:request:9a7e4a9f0e726f75c9a954a284f1b3612ffb48979d86e01cc50b56de3ae184aa",
          "result": "urn:vvv:schema:1:validate_plan:result:393143bcc9ebf3f9e7d3912223da08355e4a6584c97b6ab7393acc21ba6a7c2d",
          "response": "urn:vvv:schema:1:validate_plan:response:04f0ee92fd1dfb2193dfe1c88f8b7cf0face96d2950529de0394ef0569720a23"
        },
        "command": "validate_plan",
        "read_only": false,
        "parameters": [
          "plan_id",
          "checks",
          "extra_inputs",
          "budget"
        ]
      },
      {
        "schemas": {
          "arguments": "urn:vvv:schema:1:inspect_plan:arguments:176b75b8d73563332554da760c818101516d84af58cc3901f9ff2ed8e58c5cff",
          "request": "urn:vvv:schema:1:inspect_plan:request:961ba2d9b9ff8aafe5344de63ded7d03f0997e54876d69269cd3ae2d5a084907",
          "result": "urn:vvv:schema:1:inspect_plan:result:a2e8845259a9b2ddecd1c80260fcdeb253acffaf80ebede1687fbb30eda77c0e",
          "response": "urn:vvv:schema:1:inspect_plan:response:2f7423089ab3d0acbe544f505910345ea539e78fe4d11ec84dd56c753c8ea57b"
        },
        "command": "inspect_plan",
        "read_only": true,
        "parameters": [
          "plan_id",
          "max_bytes",
          "page"
        ]
      },
      {
        "schemas": {
          "arguments": "urn:vvv:schema:1:prepare_rename:arguments:1b78b4a00c30dadb1e17f43fcd002e35ad9e8f6507cd3abedfa994b5b08c8bd1",
          "request": "urn:vvv:schema:1:prepare_rename:request:612e81f81220e23de50b7fc77296ebe92136617cc501ab8352498396ec9073a0",
          "result": "urn:vvv:schema:1:prepare_rename:result:093bbf297b8818b0716a9d187536302163244499133d5e780b44f0b59b46bb53",
          "response": "urn:vvv:schema:1:prepare_rename:response:b5d14e6054c5922ec5bcfa6191feb4b6d69979a447dabb27b12ef48a695beb43"
        },
        "command": "prepare_rename",
        "read_only": true,
        "parameters": [
          "intent",
          "max_bytes",
          "page"
        ]
      },
      {
        "schemas": {
          "arguments": "urn:vvv:schema:1:prepare_rewrite:arguments:c0f9ee361858c3aab718b8525cc2f67d10be050d426219b54d42f359f1759878",
          "request": "urn:vvv:schema:1:prepare_rewrite:request:1d3eacce0e74a87a74daf0fe148c23a1341db0d021e276f5874578fa16f148c4",
          "result": "urn:vvv:schema:1:prepare_rewrite:result:0c6a1fded7f026207556919c4c6213f47b7150288612ab8404afa3167d9b8610",
          "response": "urn:vvv:schema:1:prepare_rewrite:response:591725dd49c26b0adb54713504b8f13ad8826ba9a445f2580c6ee4983bbdf394"
        },
        "command": "prepare_rewrite",
        "read_only": true,
        "parameters": [
          "intent",
          "max_bytes",
          "page"
        ]
      },
      {
        "schemas": {
          "arguments": "urn:vvv:schema:1:review_plan:arguments:52d41e3328120d4d9340b86c4e667059b422bf7f5318616f37761f0b239d689a",
          "request": "urn:vvv:schema:1:review_plan:request:6d91b3348a790cb1cc163e3fc34118377cbf38e9a9ba5b5fbdb2bb2c490a393b",
          "result": "urn:vvv:schema:1:review_plan:result:15cd4ed356f3142bcaf6159bfc00f7bd895a89c84b97ecedbf0ae8e898f56464",
          "response": "urn:vvv:schema:1:review_plan:response:a08fbf3727646a013cd72e0709f085f0c89d9d8fe813a329b62e6c785e85a31f"
        },
        "command": "review_plan",
        "read_only": true,
        "parameters": [
          "cursor",
          "page"
        ]
      },
      {
        "schemas": {
          "arguments": "urn:vvv:schema:1:schema:arguments:7536f1595cbbb6fd856bb8d7d689532a48b74a30c88c4d6631a000ebda1f45a4",
          "request": "urn:vvv:schema:1:schema:request:b6cc584c5c7678ae54e78f91874f7e246d5866c368424c806408cf83885da753",
          "result": "urn:vvv:schema:1:schema:result:0cb1e4287c7574a39efe0bd8f791785ba3093dc8fcd23e29a9c4eb8499be5ad3",
          "response": "urn:vvv:schema:1:schema:response:8e8d68625768b04491416ba493964dab9e11e302ab5eab166071446ba2d4a601"
        },
        "command": "schema",
        "read_only": true,
        "parameters": [
          "for_command",
          "contract"
        ]
      },
      {
        "schemas": {
          "arguments": "urn:vvv:schema:1:search_page:arguments:b69c88420584ca51eff4f4cab28c5c97bf0e52e4ed0e428e4656c0307939219a",
          "request": "urn:vvv:schema:1:search_page:request:bb482e11c4a4843863f0daf58acb5d46daa3bd22d398b0da18c822b9de6ac9c8",
          "result": "urn:vvv:schema:1:search_page:result:ae2d177d114d87f28c15af073f748e633476cff02d57d802be9ac996b19d1b3d",
          "response": "urn:vvv:schema:1:search_page:response:b458ef5a80892aa821abb286cc17ed61c8c879dedb8712d61b8de999ac585d63"
        },
        "command": "search_page",
        "read_only": true,
        "parameters": [
          "query",
          "scope",
          "page"
        ]
      },
      {
        "schemas": {
          "arguments": "urn:vvv:schema:1:context_page:arguments:913fc72bad75cb7825034ecbade005fba559211ce3a9ca991b74933410fc11db",
          "request": "urn:vvv:schema:1:context_page:request:f9a795866421657ce5320aeefa1e1bf236272216f3369184a93295029e848771",
          "result": "urn:vvv:schema:1:context_page:result:a29f2eeb49569ef71b65ae14f3e85b1fc95fe8e6ed8c39bbd06be4cf71f78406",
          "response": "urn:vvv:schema:1:context_page:response:e2021e353fe3a53d8311a3d506d946f1f82c9a0f704fff1659bb0dce3f68c015"
        },
        "command": "context_page",
        "read_only": true,
        "parameters": [
          "origin",
          "selection",
          "references",
          "include_enclosing",
          "detail",
          "page",
          "work"
        ]
      },
      {
        "schemas": {
          "arguments": "urn:vvv:schema:1:continue:arguments:abb1881777d39e1e9e0fc9236bb7087212cc2f55753d9881620bf451d742527d",
          "request": "urn:vvv:schema:1:continue:request:ba83b1e58efaf02f601cc2cded307ad0942a4c3af430e5fdcb075f81081a2887",
          "result": "urn:vvv:schema:1:continue:result:227b54ddea453ff903d7b3c6072dd0c4febe8c9d5c164727cd24381f9626e977",
          "response": "urn:vvv:schema:1:continue:response:628e7c61d6b60f7cce27c60c9eb09bcc6999cf02b7449bb6e85bd657290b0756"
        },
        "command": "continue",
        "read_only": true,
        "parameters": [
          "cursor",
          "page",
          "work"
        ]
      },
      {
        "schemas": {
          "arguments": "urn:vvv:schema:1:expand:arguments:0ae1b7dedea0a08f582e416c66426f8810721e28faa503ff0fa644ebabd24f8a",
          "request": "urn:vvv:schema:1:expand:request:0090dae5ba96d8c44ce17c72aa26a83bfb306e8e5ade15a9556aaed3b7bdb71c",
          "result": "urn:vvv:schema:1:expand:result:a6ee7f839053ec0867499ff885f5ea7eef2238bd41f91dfc90ff0418365b6742",
          "response": "urn:vvv:schema:1:expand:response:70833687d8f83c6c9525a924ce9db36b5c3bd0abe0f0df04f216e0ec282bd691"
        },
        "command": "expand",
        "read_only": true,
        "parameters": [
          "cursor",
          "max_bytes"
        ]
      },
      {
        "schemas": {
          "arguments": "urn:vvv:schema:1:discover:arguments:1899a90b309d6b08c0ad257967384158accb68eeff9593d5b5ae15eac7a3b60d",
          "request": "urn:vvv:schema:1:discover:request:a7a3660b5e362bffa977133bf48b4b42ac7bffb7c62013985e404e701fc8562d",
          "result": "urn:vvv:schema:1:discover:result:e31639a4e1d8540dbb48260441c9299f0e51ff989c8a2aaf8cf482a20b0badd5",
          "response": "urn:vvv:schema:1:discover:response:36f7057e298b5e3e8a90f719be2b33f2a6ce196e9e4f95175e0a3fe22688dd92"
        },
        "command": "discover",
        "read_only": true,
        "parameters": []
      },
      {
        "schemas": {
          "arguments": "urn:vvv:schema:1:context:arguments:fe064d4ad29627cc2eb4b6bf0def7c619fbe72f44b9269b65cdcf824ce347e90",
          "request": "urn:vvv:schema:1:context:request:00fadddc9dd658621542747af7419e33b9320ec502786896abbb124bd1d01df0",
          "result": "urn:vvv:schema:1:context:result:b0583ab47fa2169ba708319e6111ea6944c193bea783877a487b1490ee32cd6f",
          "response": "urn:vvv:schema:1:context:response:1e28b35b57ef78e1015c81ead03bea96c62b55bcab172c975e290e87d718df1a"
        },
        "command": "context",
        "read_only": true,
        "parameters": [
          "origin",
          "selection",
          "budget",
          "references",
          "include_enclosing",
          "detail"
        ]
      },
      {
        "schemas": {
          "arguments": "urn:vvv:schema:1:navigate:arguments:ca55f711816dc23aa52368345e92b648c77deeba522d261023be23eb10a702a8",
          "request": "urn:vvv:schema:1:navigate:request:d9b3dee82054b6e142a43c9949a3916e32a85d0ead4ffa78304278cda98041c1",
          "result": "urn:vvv:schema:1:navigate:result:040d13da1c8d8f8f48b248f875adde5ecf7b68a10a5e9640b23d906f323bfd4e",
          "response": "urn:vvv:schema:1:navigate:response:e2ae536e6c6be8321490b3dcf242800e33b5c8cd01f9ebb550aa9c19829a90ab"
        },
        "command": "navigate",
        "read_only": true,
        "parameters": [
          "origin",
          "selection"
        ]
      },
      {
        "schemas": {
          "arguments": "urn:vvv:schema:1:relationships:arguments:8e482e33e4195128d8a157e6520d813ce80092d401a63a0af8ed20ec0738bc58",
          "request": "urn:vvv:schema:1:relationships:request:1415d64481d9ebab4601f9a6dd061cd2f2c278ee0117730d45fa448eedac8c71",
          "result": "urn:vvv:schema:1:relationships:result:29254ae082f38d4195394024eecefdb5d37e9d32940ec7a18f51c33fbb146f1c",
          "response": "urn:vvv:schema:1:relationships:response:82561b2ed26e69cc5e4e6f4f35725a14c170c2190adb0a81552319a5ab41196e"
        },
        "command": "relationships",
        "read_only": true,
        "parameters": [
          "origin",
          "selection",
          "kind",
          "scope",
          "budget"
        ]
      },
      {
        "schemas": {
          "arguments": "urn:vvv:schema:1:resolve:arguments:dc89ce416d779588344bbda2d5286f6cc901a868ad17ce9fb44f8229edccfbb5",
          "request": "urn:vvv:schema:1:resolve:request:c9064f9fcdf4b49f57bc31ba164298452fb32121c5556ef61fe6eca562189925",
          "result": "urn:vvv:schema:1:resolve:result:eceb05eaa5369f697f9fbe83d4d83bd668bb8ef9428ab905030d58aa2c962807",
          "response": "urn:vvv:schema:1:resolve:response:cd10af171cdae2e35657cbe44e82b7208526d76473b54559a59a5fd775315ef9"
        },
        "command": "resolve",
        "read_only": true,
        "parameters": [
          "origin",
          "selection"
        ]
      },
      {
        "schemas": {
          "arguments": "urn:vvv:schema:1:search:arguments:7d72fef904a59b25bd289c8d20c0b4a27d37cc9ad67b56ee387611b386fed1c9",
          "request": "urn:vvv:schema:1:search:request:322fb0cbdb2fdf4399fa6b61558e8878a6ec52765000103c35a8b3e5984fcf14",
          "result": "urn:vvv:schema:1:search:result:9e82859b1de51a710c5960b99b6df8e9774a7dcc641a952826832315e25b5c63",
          "response": "urn:vvv:schema:1:search:response:8132744148150a8a23c48bf262d1d22c0e73a0a7bd977945deec720bf4cab895"
        },
        "command": "search",
        "read_only": true,
        "parameters": [
          "pattern",
          "kind",
          "symbol",
          "name",
          "language",
          "scope"
        ]
      },
      {
        "schemas": {
          "arguments": "urn:vvv:schema:1:outline:arguments:ea675d1b9d3c715a1ef9efe7df4ab062c494feeab032e8254a9875fcf9f89d3d",
          "request": "urn:vvv:schema:1:outline:request:eb7a7771b4cc49814dcd51590e49b31c7be2a6c001cf73804bc34767958bdb0f",
          "result": "urn:vvv:schema:1:outline:result:11a7e072605fc0ef390fba36e0e0e4b73665776907f4a46bb5aba8ea17d67733",
          "response": "urn:vvv:schema:1:outline:response:0006fd9a1e52c20ce39d53af0a0d5208ede006e89d05c849009d8ceb37562c96"
        },
        "command": "outline",
        "read_only": true,
        "parameters": [
          "path"
        ]
      },
      {
        "schemas": {
          "arguments": "urn:vvv:schema:1:references:arguments:6fbe5eea2f96720c02356526b5dcbe74dfb1e9651272665890fdc15f60002ac9",
          "request": "urn:vvv:schema:1:references:request:8b75111d39e902a9247df6af5a8fbaed4c624b4d0837afe5bc0971ba95c16d6b",
          "result": "urn:vvv:schema:1:references:result:b03146f9e9b0d4072b16383d9759f241dcb11002ce20bab961eedf623cb785df",
          "response": "urn:vvv:schema:1:references:response:8e23a2d5e6e9e00a2dcd8e7a5946d4396d4b697e1e0f37bbbbfc00fb374d5bde"
        },
        "command": "references",
        "read_only": true,
        "parameters": [
          "name",
          "symbol",
          "language",
          "declared_in"
        ]
      },
      {
        "schemas": {
          "arguments": "urn:vvv:schema:1:where:arguments:1327fa0f4fff2785873851a59e3cf8441e8cbc7ed0d394d50a1f957dd0cf1d9c",
          "request": "urn:vvv:schema:1:where:request:1bee5ae7a5befdc8e8448d614d6a1dc38fbdc0e5cd051308ac0d855a41e73f77",
          "result": "urn:vvv:schema:1:where:result:69e035370c8a034a1713390d02e4f96e8a21e66e353a39c6756fa915bb4c49b6",
          "response": "urn:vvv:schema:1:where:response:d2113d24bcf93e896aee1c3d64c844eab3f75d4495e4d4351ab3fca0ea1385a6"
        },
        "command": "where",
        "read_only": true,
        "parameters": [
          "name",
          "from"
        ]
      },
      {
        "schemas": {
          "arguments": "urn:vvv:schema:1:deps:arguments:b534bf680a8bc5e73014c2724602b9f54e1e0266f9140c5d893eacc9ae2e1e96",
          "request": "urn:vvv:schema:1:deps:request:18d634b688dd0610105a1cd1fbd985c46304579be79b2d91c00f9b40cf60c3ef",
          "result": "urn:vvv:schema:1:deps:result:801bcf3f4a373b50c7bd69b8b9356505a8a37d1d8971d7bf81b877cf0eb3c913",
          "response": "urn:vvv:schema:1:deps:response:d1054e96985ea9a942938b6c2cb27242fae749c5e93eee31ad295333e5aa030d"
        },
        "command": "deps",
        "read_only": true,
        "parameters": [
          "path"
        ]
      },
      {
        "schemas": {
          "arguments": "urn:vvv:schema:1:explain:arguments:bf9d3463fd1c418a04fcbabef8831f209b75fbcff2eb9448572422794a779950",
          "request": "urn:vvv:schema:1:explain:request:eb843012ee5f629e53e47765e4281b2d3316fe2bc863653502ed019343c5b92b",
          "result": "urn:vvv:schema:1:explain:result:6bc0f8770c532328e40e9abda5919ac9cc039b73b1ee4cfd41fc24361f5044ed",
          "response": "urn:vvv:schema:1:explain:response:823e0ae99cd97f64c513f7ed9dd58c17bef10e61792991991b143f8ad461dd50"
        },
        "command": "explain",
        "read_only": true,
        "parameters": [
          "path",
          "position"
        ]
      },
      {
        "schemas": {
          "arguments": "urn:vvv:schema:1:surface:arguments:3c3ce0ac62674180f754cd984ff075655f37a7d3aa2c13d1a6ea61970c29a22a",
          "request": "urn:vvv:schema:1:surface:request:5f6aad7660722f5a7bf6fb95171f054587f59b7b3dd0a7e0a048fc6b37847559",
          "result": "urn:vvv:schema:1:surface:result:72ffa6c0cf0fd165fa53b3c81b15c4b816700facbdf4c366a51ebf7aa4dde878",
          "response": "urn:vvv:schema:1:surface:response:fc589283e62e9d02abeba5ceff1cdc2b42a60452871c386184d253d711ea6509"
        },
        "command": "surface",
        "read_only": true,
        "parameters": [
          "package"
        ]
      },
      {
        "schemas": {
          "arguments": "urn:vvv:schema:1:impact:arguments:687576cf6f4e5648287f1bc1ee9ff8fcf95f4838448ff3a149e8e7b47f612aff",
          "request": "urn:vvv:schema:1:impact:request:14b765964e917300e6c5821a32ce5f92fe1895281746b838f45e9961fd9a5555",
          "result": "urn:vvv:schema:1:impact:result:799deb4da8e1f77267b9c4aefad6d0eef5452fc8b86a9c3996a272b314644cab",
          "response": "urn:vvv:schema:1:impact:response:41f315bed2725e706e765398e6b8cb52c1fe7f30d8a7bfb13c533b648bd1494a"
        },
        "command": "impact",
        "read_only": true,
        "parameters": [
          "name",
          "declared_in"
        ]
      },
      {
        "schemas": {
          "arguments": "urn:vvv:schema:1:dead:arguments:f72485f6d21be7d308f3b020f24329a468dc308b4e20c59b1fce35d60a64a3cd",
          "request": "urn:vvv:schema:1:dead:request:361209a3b85fb2e5ac138c01499fb95c4d65db750540f362ce393d180175d5a5",
          "result": "urn:vvv:schema:1:dead:result:a257422737a9b1ef839c18ec3e48bdf1494d9a30435dfc01a21ee31f818418d8",
          "response": "urn:vvv:schema:1:dead:response:6e02fa14bd875cd58a880b5c0b768a579fae1d8bb05b54aa254eac8b081763d3"
        },
        "command": "dead",
        "read_only": true,
        "parameters": [
          "language"
        ]
      },
      {
        "schemas": {
          "arguments": "urn:vvv:schema:1:imports:arguments:e4b77dcd4e57f39d7d1e87b0cbf898b44a0352eeeeb6ba3ce08d228dd9419b9b",
          "request": "urn:vvv:schema:1:imports:request:fc2662b661b07ecc39495d823ea87f560022ca9ccd619a79f9b7a47c59d94198",
          "result": "urn:vvv:schema:1:imports:result:5936b525bfc0d332d5b5c9e523226d379949d87e5fb447ced6206b0aa9e9643d",
          "response": "urn:vvv:schema:1:imports:response:cf83e0ab361faa2b5e8632121ed953e9e74b9e24be5b81ffb20b5c5a530dfb31"
        },
        "command": "imports",
        "read_only": true,
        "parameters": [
          "path"
        ]
      },
      {
        "schemas": {
          "arguments": "urn:vvv:schema:1:file:arguments:c4a1ce6bfa34f4c7c4d311803b2e9eea9caef9572626fef02a76b5f8408fa144",
          "request": "urn:vvv:schema:1:file:request:414146e925971fdf22dc95f16a2265969fcb7aac47fa10183d078b39daf38ccd",
          "result": "urn:vvv:schema:1:file:result:5dd4095ef0e28edd54ee5bdc243d9e9b9f03e03154154381d9000451dbf724d8",
          "response": "urn:vvv:schema:1:file:response:297a71d5bcb4ce3be9d2b7b7cb09dfbd1947d1c34035f7004dbf90295520390b"
        },
        "command": "file",
        "read_only": true,
        "parameters": [
          "path"
        ]
      },
      {
        "schemas": {
          "arguments": "urn:vvv:schema:1:rewrite:arguments:9521031e871b800cf6eee88a760815aa4bbfdc92ab421ba2aa99c8542807f573",
          "request": "urn:vvv:schema:1:rewrite:request:5ece17d794e579d4137c4b3a6acaa641fba9fc8e129b145ba552c3132b603118",
          "result": "urn:vvv:schema:1:rewrite:result:0307af0fbf968a3574d595693e5695411822553bb725bc62fc31174781a9a69b",
          "response": "urn:vvv:schema:1:rewrite:response:991bbc2ae1f7fed7d7e9ec6f52e47ad46db7719243f3eac0a603fa60ffac6df2"
        },
        "command": "rewrite",
        "read_only": false,
        "parameters": [
          "query",
          "template",
          "selection",
          "apply"
        ]
      },
      {
        "schemas": {
          "arguments": "urn:vvv:schema:1:rename:arguments:9b617466a93a3bfdd85b1f0cc6e0ddfee13764b1c001f02632fed0d0cec75483",
          "request": "urn:vvv:schema:1:rename:request:837044ef2244a44e91ec63bf7e2da6a3767d4c260eb1a2b15e90e96753eaa5d4",
          "result": "urn:vvv:schema:1:rename:result:f92a93cc70eccce1926dc26cca08f385fb82d53a824e5d17b28b82e40e58c1dc",
          "response": "urn:vvv:schema:1:rename:response:ef37d436a20972e8f653c1a232f602b5ba8b203f6a3f2b51b34d105c9dab667b"
        },
        "command": "rename",
        "read_only": false,
        "parameters": [
          "name",
          "to",
          "symbol",
          "language",
          "declared_in",
          "selection",
          "apply"
        ]
      },
      {
        "schemas": {
          "arguments": "urn:vvv:schema:1:move:arguments:6add0816ec63a1025c3349999e0fd4b8719783b2f6050bf4991e9238f19faae2",
          "request": "urn:vvv:schema:1:move:request:cfb97105767743bdf9d7a3d0efaf88c4e235c6c56b2ae534f8f1c3c028606aca",
          "result": "urn:vvv:schema:1:move:result:050436d9283f15f1816310464d71e19c21742d8626e67a0f43390de43081e0f5",
          "response": "urn:vvv:schema:1:move:response:f2b9ffd11002a084f2a3b52f7f378433e76bef5a6a3535677a73e5a452e6fdbf"
        },
        "command": "move",
        "read_only": false,
        "parameters": [
          "from",
          "to",
          "apply"
        ]
      },
      {
        "schemas": {
          "arguments": "urn:vvv:schema:1:move_symbol:arguments:be1eb1f9eaa7dc8b3a8361ad8b5f955f213b22b99b9b40d0c044184d26ed866d",
          "request": "urn:vvv:schema:1:move_symbol:request:9372202bab6f4337af2eebf0a8bbb9eec4e98d8a84c011c26d887ad2bcdfa54b",
          "result": "urn:vvv:schema:1:move_symbol:result:7bb4e5095f77973e777fb00189080743004b4dc5b8ab14915ebab3b53846c614",
          "response": "urn:vvv:schema:1:move_symbol:response:2218a3ddf2214b7900b08b1f66f43c7a4721c0fa88f5c12ed79cea304b9a5732"
        },
        "command": "move_symbol",
        "read_only": false,
        "parameters": [
          "name",
          "from",
          "to",
          "apply"
        ]
      },
      {
        "schemas": {
          "arguments": "urn:vvv:schema:1:batch:arguments:60fbd628bb52b2490fbd0373fa9e8f34a0a04ad33c54fa8017feceec99a778b2",
          "request": "urn:vvv:schema:1:batch:request:d8f1352dc4624ce35615323781b91a54ffd0f799da5030fae648f2b0843ae6cd",
          "result": "urn:vvv:schema:1:batch:result:60d204f3fb2388cf0ad226d612279629e28a93fb1036c6313cddb2be14b06b3c",
          "response": "urn:vvv:schema:1:batch:response:74be34a891af12ed70d08638ffdbe9ee44462456eb6e33b2b83c409816314317"
        },
        "command": "batch",
        "read_only": false,
        "parameters": [
          "intents",
          "apply"
        ]
      },
      {
        "schemas": {
          "arguments": "urn:vvv:schema:1:history:arguments:c25e2767619054110dab6753f461574ebebbc91dd79bdacf1051b05091c16f8d",
          "request": "urn:vvv:schema:1:history:request:1f0e7b6f009743514df9df9b7a43cdfb05adb32f34ff38b08b6ad1851d71f42c",
          "result": "urn:vvv:schema:1:history:result:af6847e0669d50bfc0e6dde88a7e13cf30eac8b9c31f35c84b3b864e28e3d496",
          "response": "urn:vvv:schema:1:history:response:7d31e89aee40edca133fcbb906b6db4c092c6d450993bb3b0157df61c9e80b9d"
        },
        "command": "history",
        "read_only": true,
        "parameters": []
      },
      {
        "schemas": {
          "arguments": "urn:vvv:schema:1:undo:arguments:643f1c8ce655df87150ef659e5c9d5a77573e7f162196242d72665b5fa76575a",
          "request": "urn:vvv:schema:1:undo:request:7d7efae6fdd9e3c2d9b3ef0ca99cedf3de77ff21bf058bd1633a22d56856d34c",
          "result": "urn:vvv:schema:1:undo:result:96ed60a00c02544f1f2db8c825c90892dd893c2f8263e629c901c8a72a7281e1",
          "response": "urn:vvv:schema:1:undo:response:3f72d68ef69fb27fa1bcebda4b7361144fb5307e0a37ccf31ac4710f2975ac15"
        },
        "command": "undo",
        "read_only": false,
        "parameters": []
      }
    ],
    "page_defaults": {
      "max_items": 20,
      "max_bytes": 16384
    },
    "page_maximum": {
      "max_items": 64,
      "max_bytes": 1048576
    },
    "work_defaults": {
      "max_lookups": 64,
      "max_files": 64
    },
    "work_maximum": {
      "max_lookups": 512,
      "max_files": 1024
    },
    "query_retention": {
      "max_queries": 16,
      "max_query_bytes": 33554432,
      "max_total_bytes": 134217728,
      "lifetime_seconds": 600
    },
    "plan_retention": {
      "max_plans": 16,
      "max_plan_bytes": 16777216,
      "max_total_bytes": 67108864,
      "lifetime_seconds": 600
    },
    "context_defaults": {
      "max_bytes": 16384,
      "max_items": 12,
      "max_lookups": 64,
      "max_files": 64
    },
    "context_maximum": {
      "max_bytes": 1048576,
      "max_items": 64,
      "max_lookups": 512,
      "max_files": 1024
    },
    "min_output_bytes": 1024,
    "max_output_bytes": 1048576
  }
}
--- stderr ---
