---
source: crates/vvv/tests/corpus.rs
expression: "corpus.run(args, true)"
---
exit 0
--- stdout ---
{
  "status": "ok",
  "schema": 1,
  "result": {
    "snapshot": "6cc4666e0a52689567933171c74dcbfc9743c3511f232ca26917e7d222a7d1d0",
    "outcome": "resolved",
    "items": [
      {
        "target": {
          "language": "rust",
          "declaration": {
            "path": "src/origin.rs",
            "content": "e864a6284583a16505b27e452408cab742ba336d9a96cbbbf9f600311293e6ba",
            "span": {
              "start": 0,
              "end": 63
            }
          },
          "name_span": {
            "start": 30,
            "end": 36
          },
          "kind": "struct"
        },
        "relation": "definition",
        "via": null,
        "excerpt": {
          "path": "src/origin.rs",
          "content": "e864a6284583a16505b27e452408cab742ba336d9a96cbbbf9f600311293e6ba",
          "span": {
            "start": 0,
            "end": 63
          }
        },
        "start": {
          "line": 0,
          "column": 0
        },
        "text": "/// Runtime state.\npub struct Engine {\n    pub running: bool,\n}",
        "complete": true
      }
    ],
    "omissions": {
      "item_limit": 0,
      "byte_limit": 0,
      "lookup_limit": 0,
      "file_limit": 0,
      "ambiguous": 0,
      "unavailable": 0,
      "no_container": 0
    },
    "references_by_name": false
  }
}
--- stderr ---
