---
source: crates/vvv/tests/corpus.rs
expression: "self.run(args, true)"
---
exit 0
--- stdout ---
{
  "result": {
    "container": {
      "declaration": {"content":"1b7758664611e13cd12b8cf24d7db8605bbfbc039e48e729d22e9221c0a4526a","path":"src/lib.rs","span":{"end":720,"start":46}},
      "kind": "module",
      "language": "rust",
      "name_span": {"end":60,"start":54}
    },
    "evidence": {"addresses":[{"package":"inline_navigation","path":["inline"]}]},
    "id": "a580064167b3",
    "name": "inline",
    "outcome": "resolved",
    "snapshot": "be9a2d0650d4b2f0fa0e7e4e703538d2b6c555ae0a728746938bffb4ba7cb9a0",
    "start": {"column":0,"line":2},
    "target": {
      "declaration": {"content":"1b7758664611e13cd12b8cf24d7db8605bbfbc039e48e729d22e9221c0a4526a","path":"src/lib.rs","span":{"end":720,"start":46}},
      "kind": "module",
      "language": "rust",
      "name_span": {"end":60,"start":54}
    }
  },
  "schema": 1,
  "status": "ok"
}
--- stderr ---
