---
source: crates/vvv/tests/corpus.rs
expression: "self.run(args, true)"
---
exit 0
--- stdout ---
{
  "result": {
    "evidence": {"addresses":[]},
    "outcome": "resolved",
    "preview": {
      "container": {
        "declaration": {"content":"0c5e8934c1254ba511b058d5041744ab39430dcb64cb2bde1668c3ce6a93f588","path":"src/lexical.rs","span":{"end":151,"start":137}},
        "kind": "variable",
        "language": "rust",
        "name_span": {"end":146,"start":141}
      },
      "declaration": {
        "content": "0c5e8934c1254ba511b058d5041744ab39430dcb64cb2bde1668c3ce6a93f588",
        "end": {"column":20,"line":4},
        "id": "a67b4fec8185",
        "kind": "declaration",
        "language": "rust",
        "line": "    { let value = 1; consume(value); }",
        "path": "src/lexical.rs",
        "role": "declaration",
        "span": {"end":151,"start":137},
        "start": {"column":6,"line":4},
        "symbol": {"extent":{"end":151,"start":137},"kind":"variable","name":"value","name_span":{"end":146,"start":141},"span":{"end":151,"start":137}},
        "text": "let value = 1;"
      },
      "identifiers": [{"content":"0c5e8934c1254ba511b058d5041744ab39430dcb64cb2bde1668c3ce6a93f588","path":"src/lexical.rs","span":{"end":146,"start":141}}],
      "selection": {"end":146,"start":141},
      "source": {"$snapshot":"rust-navigation__source__src%2Flexical.rs__json.snap"}
    },
    "snapshot": "a0397b4418b534f8f8f3ee9621489eb626a2b92c343b0cefaad1a965379d118e",
    "target": {
      "declaration": {"content":"0c5e8934c1254ba511b058d5041744ab39430dcb64cb2bde1668c3ce6a93f588","path":"src/lexical.rs","span":{"end":151,"start":137}},
      "kind": "variable",
      "language": "rust",
      "name_span": {"end":146,"start":141}
    }
  },
  "schema": 1,
  "status": "ok"
}
--- stderr ---
