---
source: crates/vvv/tests/corpus.rs
expression: "corpus.run(args, true)"
---
exit 0
--- stdout ---
{
  "status": "ok",
  "schema": 1,
  "result": {
    "path": "core/src/geometry/shape.rs",
    "module": {
      "package": "corpus_core",
      "path": [
        "geometry",
        "shape"
      ]
    },
    "items": [
      {
        "kind": "enum",
        "name": "Shape",
        "name_span": {
          "start": 51,
          "end": 56
        },
        "span": {
          "start": 42,
          "end": 117
        },
        "extent": {
          "start": 42,
          "end": 117
        },
        "visibility": {
          "span": {
            "start": 42,
            "end": 45
          },
          "text": "pub"
        },
        "start": {
          "line": 3,
          "column": 0
        },
        "end": {
          "line": 6,
          "column": 1
        },
        "address": {
          "package": "corpus_core",
          "path": [
            "geometry",
            "shape",
            "Shape"
          ]
        },
        "reach": "everyone"
      },
      {
        "kind": "variant",
        "name": "Dot",
        "name_span": {
          "start": 63,
          "end": 66
        },
        "span": {
          "start": 63,
          "end": 73
        },
        "extent": {
          "start": 63,
          "end": 73
        },
        "start": {
          "line": 4,
          "column": 4
        },
        "end": {
          "line": 4,
          "column": 14
        },
        "reach": {
          "within": {
            "package": "corpus_core",
            "path": [
              "geometry",
              "shape"
            ]
          }
        }
      },
      {
        "kind": "variant",
        "name": "Square",
        "name_span": {
          "start": 79,
          "end": 85
        },
        "span": {
          "start": 79,
          "end": 114
        },
        "extent": {
          "start": 79,
          "end": 114
        },
        "start": {
          "line": 5,
          "column": 4
        },
        "end": {
          "line": 5,
          "column": 39
        },
        "reach": {
          "within": {
            "package": "corpus_core",
            "path": [
              "geometry",
              "shape"
            ]
          }
        }
      },
      {
        "kind": "field",
        "name": "corner",
        "name_span": {
          "start": 88,
          "end": 94
        },
        "span": {
          "start": 88,
          "end": 101
        },
        "extent": {
          "start": 88,
          "end": 101
        },
        "start": {
          "line": 5,
          "column": 13
        },
        "end": {
          "line": 5,
          "column": 26
        },
        "reach": {
          "within": {
            "package": "corpus_core",
            "path": [
              "geometry",
              "shape"
            ]
          }
        }
      },
      {
        "kind": "field",
        "name": "side",
        "name_span": {
          "start": 103,
          "end": 107
        },
        "span": {
          "start": 103,
          "end": 112
        },
        "extent": {
          "start": 103,
          "end": 112
        },
        "start": {
          "line": 5,
          "column": 28
        },
        "end": {
          "line": 5,
          "column": 37
        },
        "reach": {
          "within": {
            "package": "corpus_core",
            "path": [
              "geometry",
              "shape"
            ]
          }
        }
      },
      {
        "kind": "impl",
        "name": "Shape",
        "name_span": {
          "start": 124,
          "end": 129
        },
        "span": {
          "start": 119,
          "end": 430
        },
        "extent": {
          "start": 119,
          "end": 430
        },
        "start": {
          "line": 8,
          "column": 0
        },
        "end": {
          "line": 21,
          "column": 1
        },
        "reach": {
          "within": {
            "package": "corpus_core",
            "path": [
              "geometry",
              "shape"
            ]
          }
        }
      },
      {
        "kind": "method",
        "name": "area",
        "name_span": {
          "start": 143,
          "end": 147
        },
        "span": {
          "start": 136,
          "end": 287
        },
        "extent": {
          "start": 136,
          "end": 287
        },
        "visibility": {
          "span": {
            "start": 136,
            "end": 139
          },
          "text": "pub"
        },
        "start": {
          "line": 9,
          "column": 4
        },
        "end": {
          "line": 14,
          "column": 5
        },
        "reach": "everyone"
      },
      {
        "kind": "method",
        "name": "anchor",
        "name_span": {
          "start": 300,
          "end": 306
        },
        "span": {
          "start": 293,
          "end": 428
        },
        "extent": {
          "start": 293,
          "end": 428
        },
        "visibility": {
          "span": {
            "start": 293,
            "end": 296
          },
          "text": "pub"
        },
        "start": {
          "line": 16,
          "column": 4
        },
        "end": {
          "line": 20,
          "column": 5
        },
        "reach": "everyone"
      }
    ]
  }
}
--- stderr ---
