---
source: crates/vvv/tests/corpus.rs
expression: "self.run(args, true)"
---
exit 0
--- stdout ---
{
  "result": {
    "evidence": {"addresses":[{"package":"navigation","path":["other","Engine"]}]},
    "outcome": "resolved",
    "preview": {
      "container": {
        "declaration": {"content":"7d5511427a8ff89cdc470bad81d45a4c7ad1752e9216998f8a1419b469b23d48","path":"src/other.rs","span":{"end":18,"start":0}},
        "kind": "struct",
        "language": "rust",
        "name_span": {"end":17,"start":11}
      },
      "declaration": {
        "content": "7d5511427a8ff89cdc470bad81d45a4c7ad1752e9216998f8a1419b469b23d48",
        "end": {"column":18,"line":0},
        "id": "03656afe22d7",
        "kind": "declaration",
        "language": "rust",
        "line": "pub struct Engine;",
        "path": "src/other.rs",
        "role": "declaration",
        "span": {"end":18,"start":0},
        "start": {"column":0,"line":0},
        "symbol": {
          "extent": {"end":18,"start":0},
          "kind": "struct",
          "name": "Engine",
          "name_span": {"end":17,"start":11},
          "span": {"end":18,"start":0},
          "visibility": {"span":{"end":3,"start":0},"text":"pub"}
        },
        "text": "pub struct Engine;"
      },
      "identifiers": [{"content":"7d5511427a8ff89cdc470bad81d45a4c7ad1752e9216998f8a1419b469b23d48","path":"src/other.rs","span":{"end":17,"start":11}}],
      "selection": {"end":17,"start":11},
      "source": {"$snapshot":"rust-navigation__source__src%2Fother.rs__json.snap"}
    },
    "snapshot": "dbdd6e87fd8570ebfff1add7e38329f8570079dddfc10dcb69838fadc630a7d3",
    "target": {
      "declaration": {"content":"7d5511427a8ff89cdc470bad81d45a4c7ad1752e9216998f8a1419b469b23d48","path":"src/other.rs","span":{"end":18,"start":0}},
      "kind": "struct",
      "language": "rust",
      "name_span": {"end":17,"start":11}
    }
  },
  "schema": 1,
  "status": "ok"
}
--- stderr ---
