---
source: crates/vvv/tests/corpus.rs
expression: "self.run(args, true)"
---
exit 0
--- stdout ---
{
  "result": {
    "container": {
      "declaration": {"content":"102fdc4bde67af47a487b6eca339fb96319f2dc705037e28e5fd8adcfff7976a","path":"src/lib.rs","span":{"end":732,"start":720}},
      "kind": "parameter",
      "language": "rust",
      "name_span": {"end":725,"start":720}
    },
    "evidence": {"addresses":[]},
    "id": "77269e3ac416",
    "name": "value",
    "outcome": "resolved",
    "snapshot": "8c995d507f7d8802ef833445906ec8fc8624cd6dc8b131f366f7f54b48f31480",
    "start": {"column":11,"line":29},
    "target": {
      "declaration": {"content":"102fdc4bde67af47a487b6eca339fb96319f2dc705037e28e5fd8adcfff7976a","path":"src/lib.rs","span":{"end":732,"start":720}},
      "kind": "parameter",
      "language": "rust",
      "name_span": {"end":725,"start":720}
    }
  },
  "schema": 1,
  "status": "ok"
}
--- stderr ---
