---
source: crates/vvv/tests/corpus.rs
expression: "corpus.run(args, true)"
---
exit 0
--- stdout ---
{
  "status": "ok",
  "schema": 1,
  "result": {
    "snapshot": "439a02881e8721344407b34d4ad28b5cad2ffa5c8dc2607079af9dff94b1b5d7",
    "outcome": "resolved",
    "target": {
      "language": "rust",
      "declaration": {
        "path": "src/origin.rs",
        "content": "e864a6284583a16505b27e452408cab742ba336d9a96cbbbf9f600311293e6ba",
        "span": {
          "start": 85,
          "end": 91
        }
      },
      "name_span": {
        "start": 85,
        "end": 91
      },
      "kind": "variant"
    },
    "evidence": {
      "addresses": []
    },
    "preview": {
      "container": {
        "language": "rust",
        "declaration": {
          "path": "src/origin.rs",
          "content": "e864a6284583a16505b27e452408cab742ba336d9a96cbbbf9f600311293e6ba",
          "span": {
            "start": 64,
            "end": 102
          }
        },
        "name_span": {
          "start": 73,
          "end": 78
        },
        "kind": "enum"
      },
      "declaration": {
        "content": "e864a6284583a16505b27e452408cab742ba336d9a96cbbbf9f600311293e6ba",
        "id": "c6ae3da429f0",
        "path": "src/origin.rs",
        "language": "rust",
        "span": {
          "start": 85,
          "end": 91
        },
        "start": {
          "line": 5,
          "column": 4
        },
        "end": {
          "line": 5,
          "column": 10
        },
        "kind": "declaration",
        "text": "Engine",
        "line": "    Engine,",
        "symbol": {
          "kind": "variant",
          "name": "Engine",
          "name_span": {
            "start": 85,
            "end": 91
          },
          "span": {
            "start": 85,
            "end": 91
          },
          "extent": {
            "start": 85,
            "end": 91
          }
        },
        "role": "declaration"
      },
      "source": {
        "path": "src/origin.rs",
        "text": "/// Runtime state.\npub struct Engine {\n    pub running: bool,\n}\npub enum Error {\n    Engine,\n    Io,\n}\n",
        "highlights": [
          {
            "span": {
              "start": 0,
              "end": 19
            },
            "kind": "comment"
          },
          {
            "span": {
              "start": 19,
              "end": 22
            },
            "kind": "keyword"
          },
          {
            "span": {
              "start": 23,
              "end": 29
            },
            "kind": "keyword"
          },
          {
            "span": {
              "start": 30,
              "end": 36
            },
            "kind": "type"
          },
          {
            "span": {
              "start": 43,
              "end": 46
            },
            "kind": "keyword"
          },
          {
            "span": {
              "start": 56,
              "end": 60
            },
            "kind": "type"
          },
          {
            "span": {
              "start": 64,
              "end": 67
            },
            "kind": "keyword"
          },
          {
            "span": {
              "start": 68,
              "end": 72
            },
            "kind": "keyword"
          },
          {
            "span": {
              "start": 73,
              "end": 78
            },
            "kind": "type"
          }
        ],
        "symbols": [
          {
            "kind": "struct",
            "name": "Engine",
            "name_span": {
              "start": 30,
              "end": 36
            },
            "span": {
              "start": 19,
              "end": 63
            },
            "extent": {
              "start": 0,
              "end": 63
            },
            "visibility": {
              "span": {
                "start": 19,
                "end": 22
              },
              "text": "pub"
            }
          },
          {
            "kind": "field",
            "name": "running",
            "name_span": {
              "start": 47,
              "end": 54
            },
            "span": {
              "start": 43,
              "end": 60
            },
            "extent": {
              "start": 43,
              "end": 60
            },
            "visibility": {
              "span": {
                "start": 43,
                "end": 46
              },
              "text": "pub"
            }
          },
          {
            "kind": "enum",
            "name": "Error",
            "name_span": {
              "start": 73,
              "end": 78
            },
            "span": {
              "start": 64,
              "end": 102
            },
            "extent": {
              "start": 64,
              "end": 102
            },
            "visibility": {
              "span": {
                "start": 64,
                "end": 67
              },
              "text": "pub"
            }
          },
          {
            "kind": "variant",
            "name": "Engine",
            "name_span": {
              "start": 85,
              "end": 91
            },
            "span": {
              "start": 85,
              "end": 91
            },
            "extent": {
              "start": 85,
              "end": 91
            }
          },
          {
            "kind": "variant",
            "name": "Io",
            "name_span": {
              "start": 97,
              "end": 99
            },
            "span": {
              "start": 97,
              "end": 99
            },
            "extent": {
              "start": 97,
              "end": 99
            }
          }
        ],
        "identifiers": [
          {
            "path": "src/origin.rs",
            "content": "e864a6284583a16505b27e452408cab742ba336d9a96cbbbf9f600311293e6ba",
            "span": {
              "start": 30,
              "end": 36
            }
          },
          {
            "path": "src/origin.rs",
            "content": "e864a6284583a16505b27e452408cab742ba336d9a96cbbbf9f600311293e6ba",
            "span": {
              "start": 47,
              "end": 54
            }
          },
          {
            "path": "src/origin.rs",
            "content": "e864a6284583a16505b27e452408cab742ba336d9a96cbbbf9f600311293e6ba",
            "span": {
              "start": 73,
              "end": 78
            }
          },
          {
            "path": "src/origin.rs",
            "content": "e864a6284583a16505b27e452408cab742ba336d9a96cbbbf9f600311293e6ba",
            "span": {
              "start": 85,
              "end": 91
            }
          },
          {
            "path": "src/origin.rs",
            "content": "e864a6284583a16505b27e452408cab742ba336d9a96cbbbf9f600311293e6ba",
            "span": {
              "start": 97,
              "end": 99
            }
          }
        ]
      },
      "selection": {
        "start": 85,
        "end": 91
      },
      "identifiers": [
        {
          "path": "src/origin.rs",
          "content": "e864a6284583a16505b27e452408cab742ba336d9a96cbbbf9f600311293e6ba",
          "span": {
            "start": 73,
            "end": 78
          }
        },
        {
          "path": "src/origin.rs",
          "content": "e864a6284583a16505b27e452408cab742ba336d9a96cbbbf9f600311293e6ba",
          "span": {
            "start": 85,
            "end": 91
          }
        },
        {
          "path": "src/origin.rs",
          "content": "e864a6284583a16505b27e452408cab742ba336d9a96cbbbf9f600311293e6ba",
          "span": {
            "start": 97,
            "end": 99
          }
        }
      ]
    }
  }
}
--- stderr ---
