---
source: crates/vvv/tests/corpus.rs
expression: "corpus.run(args, true)"
---
exit 0
--- stdout ---
{
  "status": "ok",
  "schema": 1,
  "result": {
    "snapshot": "b9fbdc6cda24bfaa958746082a4fc95a41cfd7fa304f9724d872ef286c7ee946",
    "outcome": "unavailable",
    "reason": "unsupported_context"
  }
}
--- stderr ---
