---
source: crates/vvv/tests/corpus.rs
expression: "self.run(args, true)"
---
exit 0
--- stdout ---
{
  "result": {
    "container": {
      "declaration": {"content":"6c1c493ff96e2033eba52879a492348756824335b4c5aee21f2d5866cf58b3e6","path":"src/lib.rs","span":{"end":1464,"start":1445}},
      "kind": "type-alias",
      "language": "rust",
      "name_span": {"end":1458,"start":1450}
    },
    "evidence": {"addresses":[{"package":"local_imports","path":["value"]},{"package":"local_imports","path":["OnlyType"]}]},
    "id": "3918e6f2a6e5",
    "name": "OnlyType",
    "outcome": "resolved",
    "snapshot": "5eed1c1782abdda81e7f7a0454e8cb305d80507a9a4da8281ac020eaf655508e",
    "start": {"column":0,"line":88},
    "target": {
      "declaration": {"content":"6c1c493ff96e2033eba52879a492348756824335b4c5aee21f2d5866cf58b3e6","path":"src/lib.rs","span":{"end":1464,"start":1445}},
      "kind": "type-alias",
      "language": "rust",
      "name_span": {"end":1458,"start":1450}
    }
  },
  "schema": 1,
  "status": "ok"
}
--- stderr ---
