---
source: crates/vvv/tests/corpus.rs
expression: "self.run(args, true)"
---
exit 0
--- stdout ---
{
  "result": {
    "applied": false,
    "files": [
      {"diff":"--- a/src/a/sub.rs\n+++ b/src/d/sub.rs\n","edits":[],"moved_to":"src/d/sub.rs","path":"src/a/sub.rs"},
      {"diff":"--- a/src/a.rs\n+++ b/src/d.rs\n","edits":[],"moved_to":"src/d.rs","path":"src/a.rs"},
      {
        "diff": "--- a/src/c.rs\n+++ b/src/c.rs\n@@ -1,4 +1,4 @@\n-use crate::a as alias;\n+use crate::d as alias;\n \n fn consume(_: alias::Foo) {}\n \n",
        "edits": [{"replacement":"crate::d","span":{"end":12,"start":4}}],
        "path": "src/c.rs"
      },
      {
        "diff": "--- a/src/grouped.rs\n+++ b/src/grouped.rs\n@@ -1,5 +1,5 @@\n use crate as root;\n-use root::{a::sub::Nested, a::Foo};\n+use root::{d::sub::Nested, d::Foo};\n \n fn nested(_: Nested) {}\n fn foo(_: Foo) {}\n",
        "edits": [{"replacement":"d::sub::Nested","span":{"end":44,"start":30}},{"replacement":"d::Foo","span":{"end":52,"start":46}}],
        "path": "src/grouped.rs"
      },
      {
        "diff": "--- a/src/lib.rs\n+++ b/src/lib.rs\n@@ -1,4 +1,4 @@\n-pub mod a;\n+pub mod d;\n pub mod b;\n pub mod c;\n pub mod origin;\n",
        "edits": [{"replacement":"d","span":{"end":9,"start":8}}],
        "path": "src/lib.rs"
      }
    ],
    "from": "src/a.rs",
    "from_address": {"package":"corpus_moves","path":["a"]},
    "intent": {"from":"src/a.rs","to":"src/d.rs"},
    "respellings": [
      {"from":"crate::a","path":"src/c.rs","span":{"end":12,"start":4},"start":{"column":4,"line":0},"to":"crate::d"},
      {"from":"root::a::sub::Nested","path":"src/grouped.rs","span":{"end":44,"start":30},"start":{"column":11,"line":1},"to":"d::sub::Nested"},
      {"from":"root::a::Foo","path":"src/grouped.rs","span":{"end":52,"start":46},"start":{"column":27,"line":1},"to":"d::Foo"}
    ],
    "to": "src/d.rs",
    "to_address": {"package":"corpus_moves","path":["d"]}
  },
  "schema": 1,
  "status": "ok"
}
--- stderr ---
