---
source: crates/vvv/tests/corpus.rs
expression: "self.run(args, true)"
---
exit 0
--- stdout ---
{
  "result": {
    "import": {
      "address": {"package":"resolution_probe","path":["a","Foo"]},
      "declares": true,
      "file": "src/a.rs",
      "group": {"item":{"end":78,"start":75},"items":2,"list":{"end":79,"start":48},"prefix":"module_alias","statement":{"end":80,"start":30},"top_level":true},
      "path": "module_alias::Foo",
      "span": {"end":78,"start":75},
      "start": {"column":45,"line":1}
    },
    "importers": [],
    "module": {"package":"resolution_probe","path":["nested"]},
    "path": "src/nested.rs",
    "position": {"column":45,"line":1}
  },
  "schema": 1,
  "status": "ok"
}
--- stderr ---
