---
source: crates/vvv/tests/corpus.rs
expression: "self.run(args, true)"
---
exit 0
--- stdout ---
{
  "result": {
    "coverage": {
      "files_remaining": 1,
      "files_scanned": 2,
      "limitations": ["receiver_types","indirect_targets","macro_expansion","anonymous_callers","unsupported_bindings","unenumerated_aliases"],
      "lookups": 28,
      "omitted_items": 0,
      "scan_complete": false,
      "stopped_by": "bytes",
      "unresolved_imports": 3,
      "unsupported_files": 0
    },
    "items": [
      {
        "call": "direct",
        "caller": {
          "declaration": {"content":"6c1c493ff96e2033eba52879a492348756824335b4c5aee21f2d5866cf58b3e6","path":"src/lib.rs","span":{"end":148,"start":77}},
          "kind": "function",
          "language": "rust",
          "name_span": {"end":87,"start":80}
        },
        "evidence": {"addresses":[{"package":"local_imports","path":["work"]},{"package":"local_imports","path":["a","run"]}]},
        "outcome": "confirmed",
        "site": {"content":"6c1c493ff96e2033eba52879a492348756824335b4c5aee21f2d5866cf58b3e6","path":"src/lib.rs","span":{"end":100,"start":96}},
        "spelling": "work",
        "start": {"column":4,"line":6},
        "target": {
          "declaration": {"content":"6c1c493ff96e2033eba52879a492348756824335b4c5aee21f2d5866cf58b3e6","path":"src/lib.rs","span":{"end":27,"start":12}},
          "kind": "function",
          "language": "rust",
          "name_span": {"end":22,"start":19}
        }
      },
      {
        "call": "direct",
        "caller": {
          "declaration": {"content":"6c1c493ff96e2033eba52879a492348756824335b4c5aee21f2d5866cf58b3e6","path":"src/lib.rs","span":{"end":148,"start":77}},
          "kind": "function",
          "language": "rust",
          "name_span": {"end":87,"start":80}
        },
        "evidence": {"addresses":[{"package":"local_imports","path":["work"]},{"package":"local_imports","path":["a","run"]}]},
        "outcome": "confirmed",
        "site": {"content":"6c1c493ff96e2033eba52879a492348756824335b4c5aee21f2d5866cf58b3e6","path":"src/lib.rs","span":{"end":143,"start":139}},
        "spelling": "work",
        "start": {"column":4,"line":8},
        "target": {
          "declaration": {"content":"6c1c493ff96e2033eba52879a492348756824335b4c5aee21f2d5866cf58b3e6","path":"src/lib.rs","span":{"end":27,"start":12}},
          "kind": "function",
          "language": "rust",
          "name_span": {"end":22,"start":19}
        }
      },
      {
        "call": "direct",
        "caller": {
          "declaration": {"content":"6c1c493ff96e2033eba52879a492348756824335b4c5aee21f2d5866cf58b3e6","path":"src/lib.rs","span":{"end":250,"start":149}},
          "kind": "function",
          "language": "rust",
          "name_span": {"end":159,"start":152}
        },
        "evidence": {"addresses":[{"package":"local_imports","path":["work"]},{"package":"local_imports","path":["tools"]},{"package":"local_imports","path":["a","run"]}]},
        "outcome": "confirmed",
        "site": {"content":"6c1c493ff96e2033eba52879a492348756824335b4c5aee21f2d5866cf58b3e6","path":"src/lib.rs","span":{"end":227,"start":223}},
        "spelling": "work",
        "start": {"column":4,"line":13},
        "target": {
          "declaration": {"content":"6c1c493ff96e2033eba52879a492348756824335b4c5aee21f2d5866cf58b3e6","path":"src/lib.rs","span":{"end":27,"start":12}},
          "kind": "function",
          "language": "rust",
          "name_span": {"end":22,"start":19}
        }
      },
      {
        "call": "direct",
        "caller": {
          "declaration": {"content":"6c1c493ff96e2033eba52879a492348756824335b4c5aee21f2d5866cf58b3e6","path":"src/lib.rs","span":{"end":250,"start":149}},
          "kind": "function",
          "language": "rust",
          "name_span": {"end":159,"start":152}
        },
        "evidence": {"addresses":[{"package":"local_imports","path":["tools"]},{"package":"local_imports","path":["a","run"]}]},
        "outcome": "confirmed",
        "site": {"content":"6c1c493ff96e2033eba52879a492348756824335b4c5aee21f2d5866cf58b3e6","path":"src/lib.rs","span":{"end":245,"start":242}},
        "spelling": "run",
        "start": {"column":11,"line":14},
        "target": {
          "declaration": {"content":"6c1c493ff96e2033eba52879a492348756824335b4c5aee21f2d5866cf58b3e6","path":"src/lib.rs","span":{"end":27,"start":12}},
          "kind": "function",
          "language": "rust",
          "name_span": {"end":22,"start":19}
        }
      },
      {
        "call": "direct",
        "caller": {
          "declaration": {"content":"6c1c493ff96e2033eba52879a492348756824335b4c5aee21f2d5866cf58b3e6","path":"src/lib.rs","span":{"end":384,"start":251}},
          "kind": "function",
          "language": "rust",
          "name_span": {"end":260,"start":254}
        },
        "evidence": {"addresses":[{"package":"local_imports","path":["work"]},{"package":"local_imports","path":["a","run"]}]},
        "outcome": "confirmed",
        "site": {"content":"6c1c493ff96e2033eba52879a492348756824335b4c5aee21f2d5866cf58b3e6","path":"src/lib.rs","span":{"end":304,"start":300}},
        "spelling": "work",
        "start": {"column":4,"line":18},
        "target": {
          "declaration": {"content":"6c1c493ff96e2033eba52879a492348756824335b4c5aee21f2d5866cf58b3e6","path":"src/lib.rs","span":{"end":27,"start":12}},
          "kind": "function",
          "language": "rust",
          "name_span": {"end":22,"start":19}
        }
      },
      {
        "call": "direct",
        "caller": {
          "declaration": {"content":"6c1c493ff96e2033eba52879a492348756824335b4c5aee21f2d5866cf58b3e6","path":"src/lib.rs","span":{"end":384,"start":251}},
          "kind": "function",
          "language": "rust",
          "name_span": {"end":260,"start":254}
        },
        "evidence": {"addresses":[{"package":"local_imports","path":["work"]},{"package":"local_imports","path":["a","run"]}]},
        "outcome": "confirmed",
        "site": {"content":"6c1c493ff96e2033eba52879a492348756824335b4c5aee21f2d5866cf58b3e6","path":"src/lib.rs","span":{"end":379,"start":375}},
        "spelling": "work",
        "start": {"column":4,"line":23},
        "target": {
          "declaration": {"content":"6c1c493ff96e2033eba52879a492348756824335b4c5aee21f2d5866cf58b3e6","path":"src/lib.rs","span":{"end":27,"start":12}},
          "kind": "function",
          "language": "rust",
          "name_span": {"end":22,"start":19}
        }
      },
      {
        "call": "direct",
        "caller": {
          "declaration": {"content":"6c1c493ff96e2033eba52879a492348756824335b4c5aee21f2d5866cf58b3e6","path":"src/lib.rs","span":{"end":456,"start":385}},
          "kind": "function",
          "language": "rust",
          "name_span": {"end":397,"start":388}
        },
        "evidence": {"addresses":[{"package":"local_imports","path":["work"]},{"package":"local_imports","path":["a","run"]}]},
        "outcome": "confirmed",
        "site": {"content":"6c1c493ff96e2033eba52879a492348756824335b4c5aee21f2d5866cf58b3e6","path":"src/lib.rs","span":{"end":451,"start":447}},
        "spelling": "work",
        "start": {"column":4,"line":27},
        "target": {
          "declaration": {"content":"6c1c493ff96e2033eba52879a492348756824335b4c5aee21f2d5866cf58b3e6","path":"src/lib.rs","span":{"end":27,"start":12}},
          "kind": "function",
          "language": "rust",
          "name_span": {"end":22,"start":19}
        }
      },
      {
        "binding": {
          "declaration": {"content":"6c1c493ff96e2033eba52879a492348756824335b4c5aee21f2d5866cf58b3e6","path":"src/lib.rs","span":{"end":522,"start":506}},
          "kind": "variable",
          "language": "rust",
          "name_span": {"end":514,"start":510}
        },
        "call": "direct",
        "caller": {
          "declaration": {"content":"6c1c493ff96e2033eba52879a492348756824335b4c5aee21f2d5866cf58b3e6","path":"src/lib.rs","span":{"end":536,"start":457}},
          "kind": "function",
          "language": "rust",
          "name_span": {"end":466,"start":460}
        },
        "outcome": "indirect",
        "site": {"content":"6c1c493ff96e2033eba52879a492348756824335b4c5aee21f2d5866cf58b3e6","path":"src/lib.rs","span":{"end":531,"start":527}},
        "spelling": "work",
        "start": {"column":4,"line":32}
      },
      {
        "call": "direct",
        "caller": {
          "declaration": {"content":"6c1c493ff96e2033eba52879a492348756824335b4c5aee21f2d5866cf58b3e6","path":"src/lib.rs","span":{"end":617,"start":537}},
          "kind": "function",
          "language": "rust",
          "name_span": {"end":551,"start":540}
        },
        "candidates": [
          {
            "evidence": {"addresses":[{"package":"local_imports","path":["work"]},{"package":"local_imports","path":["a","run"]}]},
            "id": "56b175291930",
            "name": "run",
            "start": {"column":4,"line":1},
            "target": {
              "declaration": {"content":"6c1c493ff96e2033eba52879a492348756824335b4c5aee21f2d5866cf58b3e6","path":"src/lib.rs","span":{"end":27,"start":12}},
              "kind": "function",
              "language": "rust",
              "name_span": {"end":22,"start":19}
            }
          },
          {
            "evidence": {"addresses":[]},
            "id": "7b8a78dcb3ce",
            "name": "work",
            "start": {"column":4,"line":36},
            "target": {
              "declaration": {"content":"6c1c493ff96e2033eba52879a492348756824335b4c5aee21f2d5866cf58b3e6","path":"src/lib.rs","span":{"end":603,"start":591}},
              "kind": "function",
              "language": "rust",
              "name_span": {"end":598,"start":594}
            }
          }
        ],
        "outcome": "ambiguous",
        "site": {"content":"6c1c493ff96e2033eba52879a492348756824335b4c5aee21f2d5866cf58b3e6","path":"src/lib.rs","span":{"end":612,"start":608}},
        "spelling": "work",
        "start": {"column":4,"line":37}
      },
      {
        "call": "direct",
        "caller": {
          "declaration": {"content":"6c1c493ff96e2033eba52879a492348756824335b4c5aee21f2d5866cf58b3e6","path":"src/lib.rs","span":{"end":710,"start":618}},
          "kind": "function",
          "language": "rust",
          "name_span": {"end":630,"start":621}
        },
        "candidates": [
          {
            "evidence": {"addresses":[{"package":"local_imports","path":["work"]},{"package":"local_imports","path":["a","run"]}]},
            "id": "56b175291930",
            "name": "run",
            "start": {"column":4,"line":1},
            "target": {
              "declaration": {"content":"6c1c493ff96e2033eba52879a492348756824335b4c5aee21f2d5866cf58b3e6","path":"src/lib.rs","span":{"end":27,"start":12}},
              "kind": "function",
              "language": "rust",
              "name_span": {"end":22,"start":19}
            }
          },
          {
            "evidence": {"addresses":[{"package":"local_imports","path":["work"]},{"package":"local_imports","path":["b","run"]}]},
            "id": "1ab526dd6af1",
            "name": "run",
            "start": {"column":8,"line":4},
            "target": {
              "declaration": {"content":"6c1c493ff96e2033eba52879a492348756824335b4c5aee21f2d5866cf58b3e6","path":"src/lib.rs","span":{"end":74,"start":59}},
              "kind": "function",
              "language": "rust",
              "name_span": {"end":69,"start":66}
            }
          }
        ],
        "outcome": "ambiguous",
        "site": {"content":"6c1c493ff96e2033eba52879a492348756824335b4c5aee21f2d5866cf58b3e6","path":"src/lib.rs","span":{"end":705,"start":701}},
        "spelling": "work",
        "start": {"column":4,"line":42}
      },
      {
        "call": "direct",
        "caller": {
          "declaration": {"content":"6c1c493ff96e2033eba52879a492348756824335b4c5aee21f2d5866cf58b3e6","path":"src/lib.rs","span":{"end":783,"start":761}},
          "kind": "function",
          "language": "rust",
          "name_span": {"end":769,"start":764}
        },
        "evidence": {"addresses":[{"package":"local_imports","path":["work"]},{"package":"local_imports","path":["a","run"]}]},
        "outcome": "confirmed",
        "site": {"content":"6c1c493ff96e2033eba52879a492348756824335b4c5aee21f2d5866cf58b3e6","path":"src/lib.rs","span":{"end":778,"start":774}},
        "spelling": "work",
        "start": {"column":17,"line":46},
        "target": {
          "declaration": {"content":"6c1c493ff96e2033eba52879a492348756824335b4c5aee21f2d5866cf58b3e6","path":"src/lib.rs","span":{"end":27,"start":12}},
          "kind": "function",
          "language": "rust",
          "name_span": {"end":22,"start":19}
        }
      },
      {
        "call": "direct",
        "caller": {
          "declaration": {"content":"6c1c493ff96e2033eba52879a492348756824335b4c5aee21f2d5866cf58b3e6","path":"src/lib.rs","span":{"end":963,"start":863}},
          "kind": "function",
          "language": "rust",
          "name_span": {"end":877,"start":866}
        },
        "outcome": "unavailable",
        "reason": "unsupported_context",
        "site": {"content":"6c1c493ff96e2033eba52879a492348756824335b4c5aee21f2d5866cf58b3e6","path":"src/lib.rs","span":{"end":937,"start":933}},
        "spelling": "work",
        "start": {"column":4,"line":56}
      },
      {
        "call": "direct",
        "caller": {
          "declaration": {"content":"6c1c493ff96e2033eba52879a492348756824335b4c5aee21f2d5866cf58b3e6","path":"src/lib.rs","span":{"end":963,"start":863}},
          "kind": "function",
          "language": "rust",
          "name_span": {"end":877,"start":866}
        },
        "evidence": {"addresses":[{"package":"local_imports","path":["a","run"]}]},
        "outcome": "confirmed",
        "site": {"content":"6c1c493ff96e2033eba52879a492348756824335b4c5aee21f2d5866cf58b3e6","path":"src/lib.rs","span":{"end":958,"start":955}},
        "spelling": "run",
        "start": {"column":14,"line":57},
        "target": {
          "declaration": {"content":"6c1c493ff96e2033eba52879a492348756824335b4c5aee21f2d5866cf58b3e6","path":"src/lib.rs","span":{"end":27,"start":12}},
          "kind": "function",
          "language": "rust",
          "name_span": {"end":22,"start":19}
        }
      },
      {
        "call": "direct",
        "caller": {
          "declaration": {"content":"6c1c493ff96e2033eba52879a492348756824335b4c5aee21f2d5866cf58b3e6","path":"src/lib.rs","span":{"end":1009,"start":964}},
          "kind": "function",
          "language": "rust",
          "name_span": {"end":971,"start":967}
        },
        "outcome": "unavailable",
        "reason": "unsupported_context",
        "site": {"content":"6c1c493ff96e2033eba52879a492348756824335b4c5aee21f2d5866cf58b3e6","path":"src/lib.rs","span":{"end":1004,"start":1001}},
        "spelling": "run",
        "start": {"column":4,"line":61}
      },
      {
        "call": "direct",
        "caller": {
          "declaration": {"content":"6c1c493ff96e2033eba52879a492348756824335b4c5aee21f2d5866cf58b3e6","path":"src/lib.rs","span":{"end":1311,"start":1192}},
          "kind": "function",
          "language": "rust",
          "name_span": {"end":1199,"start":1195}
        },
        "evidence": {"addresses":[{"package":"local_imports","path":["inline","outer"]},{"package":"local_imports","path":["a","run"]}]},
        "outcome": "confirmed",
        "site": {"content":"6c1c493ff96e2033eba52879a492348756824335b4c5aee21f2d5866cf58b3e6","path":"src/lib.rs","span":{"end":1302,"start":1297}},
        "spelling": "outer",
        "start": {"column":8,"line":78},
        "target": {
          "declaration": {"content":"6c1c493ff96e2033eba52879a492348756824335b4c5aee21f2d5866cf58b3e6","path":"src/lib.rs","span":{"end":27,"start":12}},
          "kind": "function",
          "language": "rust",
          "name_span": {"end":22,"start":19}
        }
      },
      {
        "call": "direct",
        "caller": {
          "declaration": {"content":"6c1c493ff96e2033eba52879a492348756824335b4c5aee21f2d5866cf58b3e6","path":"src/lib.rs","span":{"end":1339,"start":1314}},
          "kind": "function",
          "language": "rust",
          "name_span": {"end":1325,"start":1317}
        },
        "outcome": "unavailable",
        "reason": "unresolved",
        "site": {"content":"6c1c493ff96e2033eba52879a492348756824335b4c5aee21f2d5866cf58b3e6","path":"src/lib.rs","span":{"end":1334,"start":1330}},
        "spelling": "work",
        "start": {"column":16,"line":81}
      },
      {
        "call": "direct",
        "caller": {
          "declaration": {"content":"6c1c493ff96e2033eba52879a492348756824335b4c5aee21f2d5866cf58b3e6","path":"src/lib.rs","span":{"end":1635,"start":1543}},
          "kind": "function",
          "language": "rust",
          "name_span": {"end":1553,"start":1546}
        },
        "evidence": {"addresses":[{"package":"local_imports","path":["work"]},{"package":"local_imports","path":["a","run"]}]},
        "outcome": "confirmed",
        "site": {"content":"6c1c493ff96e2033eba52879a492348756824335b4c5aee21f2d5866cf58b3e6","path":"src/lib.rs","span":{"end":1613,"start":1609}},
        "spelling": "work",
        "start": {"column":4,"line":95},
        "target": {
          "declaration": {"content":"6c1c493ff96e2033eba52879a492348756824335b4c5aee21f2d5866cf58b3e6","path":"src/lib.rs","span":{"end":27,"start":12}},
          "kind": "function",
          "language": "rust",
          "name_span": {"end":22,"start":19}
        }
      },
      {
        "call": "direct",
        "caller": null,
        "evidence": {"addresses":[{"package":"local_imports","path":["work"]},{"package":"local_imports","path":["a","run"]}]},
        "outcome": "confirmed",
        "site": {"content":"6c1c493ff96e2033eba52879a492348756824335b4c5aee21f2d5866cf58b3e6","path":"src/lib.rs","span":{"end":1701,"start":1697}},
        "spelling": "work",
        "start": {"column":15,"line":100},
        "target": {
          "declaration": {"content":"6c1c493ff96e2033eba52879a492348756824335b4c5aee21f2d5866cf58b3e6","path":"src/lib.rs","span":{"end":27,"start":12}},
          "kind": "function",
          "language": "rust",
          "name_span": {"end":22,"start":19}
        }
      },
      {
        "call": "direct",
        "caller": {
          "declaration": {"content":"6c1c493ff96e2033eba52879a492348756824335b4c5aee21f2d5866cf58b3e6","path":"src/lib.rs","span":{"end":1829,"start":1707}},
          "kind": "function",
          "language": "rust",
          "name_span": {"end":1723,"start":1710}
        },
        "evidence": {"addresses":[{"package":"local_imports","path":["work"]},{"package":"local_imports","path":["tools"]},{"package":"local_imports","path":["a","run"]}]},
        "outcome": "confirmed",
        "site": {"content":"6c1c493ff96e2033eba52879a492348756824335b4c5aee21f2d5866cf58b3e6","path":"src/lib.rs","span":{"end":1807,"start":1803}},
        "spelling": "work",
        "start": {"column":4,"line":105},
        "target": {
          "declaration": {"content":"6c1c493ff96e2033eba52879a492348756824335b4c5aee21f2d5866cf58b3e6","path":"src/lib.rs","span":{"end":27,"start":12}},
          "kind": "function",
          "language": "rust",
          "name_span": {"end":22,"start":19}
        }
      }
    ],
    "kind": "callers",
    "next_cursor": "<cursor>",
    "scope": {"packages":[],"paths":[]},
    "snapshot": "25e11f32dbcda3fdc9741c5214725ea701136fd06d6e54b2b2a712f803496771",
    "subject": {
      "container": {
        "declaration": {"content":"6c1c493ff96e2033eba52879a492348756824335b4c5aee21f2d5866cf58b3e6","path":"src/lib.rs","span":{"end":27,"start":12}},
        "kind": "function",
        "language": "rust",
        "name_span": {"end":22,"start":19}
      },
      "evidence": {"addresses":[]},
      "id": "56b175291930",
      "name": "run",
      "outcome": "resolved",
      "start": {"column":4,"line":1},
      "target": {
        "declaration": {"content":"6c1c493ff96e2033eba52879a492348756824335b4c5aee21f2d5866cf58b3e6","path":"src/lib.rs","span":{"end":27,"start":12}},
        "kind": "function",
        "language": "rust",
        "name_span": {"end":22,"start":19}
      }
    }
  },
  "schema": 1,
  "status": "ok"
}
--- stderr ---
