---
source: crates/vvv/tests/corpus.rs
expression: "self.run(args, true)"
---
exit 0
--- stdout ---
{
  "result": {
    "container": {
      "declaration": {"content":"6c1c493ff96e2033eba52879a492348756824335b4c5aee21f2d5866cf58b3e6","path":"src/lib.rs","span":{"end":74,"start":59}},
      "kind": "function",
      "language": "rust",
      "name_span": {"end":69,"start":66}
    },
    "evidence": {"addresses":[{"package":"local_imports","path":["work"]},{"package":"local_imports","path":["b","run"]}]},
    "id": "1ab526dd6af1",
    "name": "run",
    "outcome": "resolved",
    "snapshot": "5eed1c1782abdda81e7f7a0454e8cb305d80507a9a4da8281ac020eaf655508e",
    "start": {"column":8,"line":4},
    "target": {
      "declaration": {"content":"6c1c493ff96e2033eba52879a492348756824335b4c5aee21f2d5866cf58b3e6","path":"src/lib.rs","span":{"end":74,"start":59}},
      "kind": "function",
      "language": "rust",
      "name_span": {"end":69,"start":66}
    }
  },
  "schema": 1,
  "status": "ok"
}
--- stderr ---
