---
source: crates/vvv/tests/corpus.rs
expression: "corpus.run(args, true)"
---
exit 0
--- stdout ---
{
  "status": "ok",
  "schema": 1,
  "result": {
    "snapshot": "4c9780a3e8506647b22c9bdf2967bd4cbac6779dde85577dfd6a8bf18ad212be",
    "outcome": "resolved",
    "target": {
      "language": "rust",
      "declaration": {
        "path": "src/lib.rs",
        "content": "6c1c493ff96e2033eba52879a492348756824335b4c5aee21f2d5866cf58b3e6",
        "span": {
          "start": 1979,
          "end": 1999
        }
      },
      "name_span": {
        "start": 1979,
        "end": 1984
      },
      "kind": "parameter"
    },
    "id": "f91fe912b8cb",
    "name": "value",
    "start": {
      "line": 117,
      "column": 12
    },
    "evidence": {
      "addresses": []
    },
    "container": {
      "language": "rust",
      "declaration": {
        "path": "src/lib.rs",
        "content": "6c1c493ff96e2033eba52879a492348756824335b4c5aee21f2d5866cf58b3e6",
        "span": {
          "start": 1979,
          "end": 1999
        }
      },
      "name_span": {
        "start": 1979,
        "end": 1984
      },
      "kind": "parameter"
    }
  }
}
--- stderr ---
