---
source: crates/vvv/tests/corpus.rs
expression: "self.run(args, true)"
---
exit 0
--- stdout ---
{
  "result": {
    "declarations": [
      {
        "address": {"package":"resolution_probe","path":["a","child"]},
        "content": "e29ea56499f48fa86bfb98c1c9c13a583280a4c9bebf9a6f8561007325f30d97",
        "end": {"column":14,"line":0},
        "id": "ae9c33bce5d4",
        "kind": "mod_item",
        "language": "rust",
        "line": "pub mod child;",
        "path": "src/a.rs",
        "role": "declaration",
        "span": {"end":14,"start":0},
        "start": {"column":0,"line":0},
        "symbol": {
          "extent": {"end":14,"start":0},
          "kind": "module",
          "name": "child",
          "name_span": {"end":13,"start":8},
          "span": {"end":14,"start":0},
          "visibility": {"span":{"end":3,"start":0},"text":"pub"}
        },
        "text": "pub mod child;"
      }
    ],
    "name": "child",
    "occurrences": [
      {
        "confidence": "resolved",
        "content": "e29ea56499f48fa86bfb98c1c9c13a583280a4c9bebf9a6f8561007325f30d97",
        "end": {"column":13,"line":0},
        "id": "0a8bde66ba9e",
        "kind": "identifier",
        "language": "rust",
        "line": "pub mod child;",
        "path": "src/a.rs",
        "reason": "declaring",
        "role": "use",
        "span": {"end":13,"start":8},
        "start": {"column":8,"line":0},
        "text": "child"
      },
      {
        "confidence": "resolved",
        "content": "088949e453189839e0a8c137aedb9266d1a7f27a4138543c750097bb372e516f",
        "end": {"column":17,"line":2},
        "id": "301ba1b1c7d5",
        "kind": "identifier",
        "language": "rust",
        "line": "use parent::child as leaf;",
        "path": "src/chained.rs",
        "reason": "path",
        "role": "use",
        "span": {"end":59,"start":54},
        "start": {"column":12,"line":2},
        "text": "child"
      },
      {
        "confidence": "resolved",
        "content": "198fce57641ca99057c628ea27db8bbbeed250983e5c159df964bd26a2bfe0c8",
        "end": {"column":29,"line":2},
        "id": "2b4537a7afe9",
        "kind": "identifier",
        "language": "rust",
        "line": "use module_alias::{Foo, child::Child};",
        "path": "src/consumer.rs",
        "reason": "path",
        "role": "use",
        "span": {"end":86,"start":81},
        "start": {"column":24,"line":2},
        "text": "child"
      },
      {
        "confidence": "resolved",
        "content": "198fce57641ca99057c628ea27db8bbbeed250983e5c159df964bd26a2bfe0c8",
        "end": {"column":44,"line":5},
        "id": "69eff325e3a9",
        "kind": "identifier",
        "language": "rust",
        "line": "pub fn parent_path(_: parent_alias::a::child::Child) {}",
        "path": "src/consumer.rs",
        "reason": "path",
        "role": "use",
        "span": {"end":185,"start":180},
        "start": {"column":39,"line":5},
        "text": "child"
      },
      {
        "confidence": "resolved",
        "content": "a57b78d505893391ffaf83410b468409cfced592c3a57d761b1d1e1e8cd6ad0f",
        "end": {"column":24,"line":1},
        "id": "2b379fdc9ac7",
        "kind": "identifier",
        "language": "rust",
        "line": "use module_alias::{child::{Child, child_fn}, Foo};",
        "path": "src/nested.rs",
        "reason": "path",
        "role": "use",
        "span": {"end":54,"start":49},
        "start": {"column":19,"line":1},
        "text": "child"
      }
    ]
  },
  "schema": 1,
  "status": "ok"
}
--- stderr ---
