---
source: crates/vvv/tests/corpus.rs
expression: "corpus.run(args, false)"
---
exit 0
--- stdout ---
impact Point

← 4   depth 1
  app/src/main.rs
  core/src/geometry/mod.rs
  core/src/geometry/shape.rs
  core/src/lib.rs

← 1   depth 2
  app/src/cli.rs   via corpus_core::geometry
--- stderr ---
← 5   5 files
