---
source: crates/vvv/tests/corpus.rs
expression: "corpus.run(args, true)"
---
exit 0
--- stdout ---
{
  "status": "ok",
  "schema": 1,
  "result": {
    "snapshot": "e0463928fde5bac0191c7934b5175cd83e28b145b5168dad83079dec7e1b724a",
    "outcome": "resolved",
    "items": [
      {
        "target": {
          "language": "typescript",
          "declaration": {
            "path": "src/values.ts",
            "content": "57ad5793111024f5e3ac39dd8d6797a8eb494f0be17e591e3491c2980a5b22c8",
            "span": {
              "start": 79,
              "end": 149
            }
          },
          "name_span": {
            "start": 92,
            "end": 97
          },
          "kind": "variable"
        },
        "relation": "definition",
        "via": null,
        "excerpt": {
          "path": "src/values.ts",
          "content": "57ad5793111024f5e3ac39dd8d6797a8eb494f0be17e591e3491c2980a5b22c8",
          "span": {
            "start": 79,
            "end": 126
          }
        },
        "start": {
          "line": 2,
          "column": 0
        },
        "text": "export const block = (value: number): number =>",
        "complete": true,
        "signature": {
          "outcome": "available",
          "requested": {
            "path": "src/values.ts",
            "content": "57ad5793111024f5e3ac39dd8d6797a8eb494f0be17e591e3491c2980a5b22c8",
            "span": {
              "start": 79,
              "end": 126
            }
          }
        }
      }
    ],
    "omissions": {
      "item_limit": 0,
      "byte_limit": 0,
      "lookup_limit": 0,
      "file_limit": 0,
      "ambiguous": 0,
      "unavailable": 0,
      "no_container": 0
    },
    "references_by_name": false
  }
}
--- stderr ---
