---
source: crates/vvv/tests/corpus.rs
expression: "self.run(args, true)"
---
exit 0
--- stdout ---
{
  "result": {
    "evidence": {"addresses":[]},
    "outcome": "resolved",
    "preview": {
      "container": {
        "declaration": {"content":"dc37120072e5a407c5ff3a0e483f1f22d14016b40cc57fb78ffc336b8a389c56","path":"src/scopes.ts","span":{"end":548,"start":519}},
        "kind": "function",
        "language": "typescript",
        "name_span": {"end":532,"start":528}
      },
      "declaration": {
        "content": "dc37120072e5a407c5ff3a0e483f1f22d14016b40cc57fb78ffc336b8a389c56",
        "end": {"column":33,"line":21},
        "id": "562f83e979b5",
        "kind": "declaration",
        "language": "typescript",
        "line": "    function work() { return 1; }",
        "path": "src/scopes.ts",
        "role": "declaration",
        "span": {"end":548,"start":519},
        "start": {"column":4,"line":21},
        "symbol": {"extent":{"end":548,"start":519},"kind":"function","name":"work","name_span":{"end":532,"start":528},"span":{"end":548,"start":519}},
        "text": "function work() { return 1; }"
      },
      "identifiers": [{"content":"dc37120072e5a407c5ff3a0e483f1f22d14016b40cc57fb78ffc336b8a389c56","path":"src/scopes.ts","span":{"end":532,"start":528}}],
      "selection": {"end":532,"start":528},
      "source": {"$snapshot":"ts-function-hoisting__source__src%2Fscopes.ts__json.snap"}
    },
    "snapshot": "5fe23ae9df6617cf65c03751a19e10d724fc7b0e9abf5dce199a1941a2835a53",
    "target": {
      "declaration": {"content":"dc37120072e5a407c5ff3a0e483f1f22d14016b40cc57fb78ffc336b8a389c56","path":"src/scopes.ts","span":{"end":548,"start":519}},
      "kind": "function",
      "language": "typescript",
      "name_span": {"end":532,"start":528}
    }
  },
  "schema": 1,
  "status": "ok"
}
--- stderr ---
