---
source: crates/vvv/tests/corpus.rs
expression: "self.run(args, true)"
---
exit 0
--- stdout ---
{
  "result": {
    "evidence": {"addresses":[]},
    "outcome": "resolved",
    "preview": {
      "container": {
        "declaration": {"content":"d935d06eb7feac6a213d773360aa06133d8d1b6ab84a96decb1f285ee1b37c5f","path":"src/locals.ts","span":{"end":665,"start":597}},
        "kind": "variable",
        "language": "typescript",
        "name_span": {"end":655,"start":651}
      },
      "declaration": {
        "content": "d935d06eb7feac6a213d773360aa06133d8d1b6ab84a96decb1f285ee1b37c5f",
        "end": {"column":66,"line":33},
        "id": "e58925602892",
        "kind": "declaration",
        "language": "typescript",
        "line": "  const { label: renamed, nested: { value }, short = seed, ...rest } = input;",
        "path": "src/locals.ts",
        "role": "declaration",
        "span": {"end":655,"start":651},
        "start": {"column":62,"line":33},
        "symbol": {"extent":{"end":665,"start":597},"kind":"variable","name":"rest","name_span":{"end":655,"start":651},"span":{"end":665,"start":597}},
        "text": "rest"
      },
      "identifiers": [
        {"content":"d935d06eb7feac6a213d773360aa06133d8d1b6ab84a96decb1f285ee1b37c5f","path":"src/locals.ts","span":{"end":604,"start":599}},
        {"content":"d935d06eb7feac6a213d773360aa06133d8d1b6ab84a96decb1f285ee1b37c5f","path":"src/locals.ts","span":{"end":613,"start":606}},
        {"content":"d935d06eb7feac6a213d773360aa06133d8d1b6ab84a96decb1f285ee1b37c5f","path":"src/locals.ts","span":{"end":621,"start":615}},
        {"content":"d935d06eb7feac6a213d773360aa06133d8d1b6ab84a96decb1f285ee1b37c5f","path":"src/locals.ts","span":{"end":630,"start":625}},
        {"content":"d935d06eb7feac6a213d773360aa06133d8d1b6ab84a96decb1f285ee1b37c5f","path":"src/locals.ts","span":{"end":639,"start":634}},
        {"content":"d935d06eb7feac6a213d773360aa06133d8d1b6ab84a96decb1f285ee1b37c5f","path":"src/locals.ts","span":{"end":646,"start":642}},
        {"content":"d935d06eb7feac6a213d773360aa06133d8d1b6ab84a96decb1f285ee1b37c5f","path":"src/locals.ts","span":{"end":655,"start":651}},
        {"content":"d935d06eb7feac6a213d773360aa06133d8d1b6ab84a96decb1f285ee1b37c5f","path":"src/locals.ts","span":{"end":665,"start":660}}
      ],
      "selection": {"end":655,"start":651},
      "source": {"$snapshot":"ts-locals__source__src%2Flocals.ts__json.snap"}
    },
    "snapshot": "fe776436581bedd926fc7b2374d8507bfad5e7213d63135336f4c6ce7b829d66",
    "target": {
      "declaration": {"content":"d935d06eb7feac6a213d773360aa06133d8d1b6ab84a96decb1f285ee1b37c5f","path":"src/locals.ts","span":{"end":665,"start":597}},
      "kind": "variable",
      "language": "typescript",
      "name_span": {"end":655,"start":651}
    }
  },
  "schema": 1,
  "status": "ok"
}
--- stderr ---
