---
source: crates/vvv/tests/corpus.rs
expression: "self.run(args, true)"
---
exit 0
--- stdout ---
{
  "result": {
    "evidence": {"addresses":[]},
    "outcome": "resolved",
    "preview": {
      "container": {
        "declaration": {"content":"d935d06eb7feac6a213d773360aa06133d8d1b6ab84a96decb1f285ee1b37c5f","path":"src/locals.ts","span":{"end":1568,"start":1563}},
        "kind": "parameter",
        "language": "typescript",
        "name_span": {"end":1568,"start":1563}
      },
      "declaration": {
        "content": "d935d06eb7feac6a213d773360aa06133d8d1b6ab84a96decb1f285ee1b37c5f",
        "end": {"column":29,"line":70},
        "id": "6ea1f06ccd5c",
        "kind": "declaration",
        "language": "typescript",
        "line": "export function hoisted(input) {",
        "path": "src/locals.ts",
        "role": "declaration",
        "span": {"end":1568,"start":1563},
        "start": {"column":24,"line":70},
        "symbol": {"extent":{"end":1568,"start":1563},"kind":"parameter","name":"input","name_span":{"end":1568,"start":1563},"span":{"end":1568,"start":1563}},
        "text": "input"
      },
      "identifiers": [{"content":"d935d06eb7feac6a213d773360aa06133d8d1b6ab84a96decb1f285ee1b37c5f","path":"src/locals.ts","span":{"end":1568,"start":1563}}],
      "selection": {"end":1568,"start":1563},
      "source": {"$snapshot":"ts-locals__source__src%2Flocals.ts__json.snap"}
    },
    "snapshot": "fe776436581bedd926fc7b2374d8507bfad5e7213d63135336f4c6ce7b829d66",
    "target": {
      "declaration": {"content":"d935d06eb7feac6a213d773360aa06133d8d1b6ab84a96decb1f285ee1b37c5f","path":"src/locals.ts","span":{"end":1568,"start":1563}},
      "kind": "parameter",
      "language": "typescript",
      "name_span": {"end":1568,"start":1563}
    }
  },
  "schema": 1,
  "status": "ok"
}
--- stderr ---
