---
source: crates/vvv/tests/corpus.rs
expression: "serde_json::to_string_pretty(&transcript.replies).unwrap()"
---
[
  {
    "result": {
      "items": [
        {
          "address": {
            "package": "",
            "path": [
              "src",
              "local.ts",
              "Engine"
            ]
          },
          "content": "c0e3a34b3ae88de539cbbdeba2182343d4112eb2e660be8c2f9c62deb2f66f10",
          "end": {
            "column": 12,
            "line": 0
          },
          "id": "9c91a3755f32",
          "kind": "type_identifier",
          "language": "typescript",
          "line": "class Engine {}",
          "ordinal": 1,
          "path": "src/local.ts",
          "role": "declaration",
          "span": {
            "end": 12,
            "start": 6
          },
          "start": {
            "column": 6,
            "line": 0
          },
          "symbol": {
            "extent": {
              "end": 15,
              "start": 0
            },
            "kind": "class",
            "name": "Engine",
            "name_span": {
              "end": 12,
              "start": 6
            },
            "span": {
              "end": 15,
              "start": 0
            }
          },
          "text": "Engine"
        }
      ],
      "kind": "search",
      "next_cursor": "cursor-1",
      "query": {
        "pattern": "Engine"
      },
      "skipped": [],
      "snapshot": "de8407994a5a6d41d5540dceab42ffe0d2a88a0ce656856d6875789b03fdbafa",
      "total_items": 14
    },
    "schema": 1,
    "status": "ok"
  },
  {
    "result": {
      "items": [
        {
          "address": {
            "package": "",
            "path": [
              "src",
              "origin.ts",
              "Engine"
            ]
          },
          "content": "396a86c231e101ac12d17ba603f97fd4829f9fa13c843c4f54fade8733ced96c",
          "end": {
            "column": 19,
            "line": 0
          },
          "id": "403fe879d616",
          "kind": "type_identifier",
          "language": "typescript",
          "line": "export class Engine { public run(): void {} }",
          "ordinal": 2,
          "path": "src/origin.ts",
          "role": "declaration",
          "span": {
            "end": 19,
            "start": 13
          },
          "start": {
            "column": 13,
            "line": 0
          },
          "symbol": {
            "extent": {
              "end": 45,
              "start": 0
            },
            "kind": "class",
            "name": "Engine",
            "name_span": {
              "end": 19,
              "start": 13
            },
            "span": {
              "end": 45,
              "start": 7
            },
            "visibility": {
              "span": {
                "end": 6,
                "start": 0
              },
              "text": "export"
            }
          },
          "text": "Engine"
        },
        {
          "address": {
            "package": "",
            "path": [
              "src",
              "other.ts",
              "Engine"
            ]
          },
          "content": "e7468058b8510dee8d46d90044a4ba40bd208e55b7b3846c8ebee792f1cbde5c",
          "end": {
            "column": 19,
            "line": 0
          },
          "id": "df45e449feae",
          "kind": "type_identifier",
          "language": "typescript",
          "line": "export class Engine {}",
          "ordinal": 3,
          "path": "src/other.ts",
          "role": "declaration",
          "span": {
            "end": 19,
            "start": 13
          },
          "start": {
            "column": 13,
            "line": 0
          },
          "symbol": {
            "extent": {
              "end": 22,
              "start": 0
            },
            "kind": "class",
            "name": "Engine",
            "name_span": {
              "end": 19,
              "start": 13
            },
            "span": {
              "end": 22,
              "start": 7
            },
            "visibility": {
              "span": {
                "end": 6,
                "start": 0
              },
              "text": "export"
            }
          },
          "text": "Engine"
        },
        {
          "content": "3b4afc4cde0d20b760c6a9d645bec9256487d91a2b23d4fcf42a8904755903d8",
          "end": {
            "column": 15,
            "line": 0
          },
          "id": "52c6f701950a",
          "kind": "identifier",
          "language": "typescript",
          "line": "export { Engine as Motor } from './origin';",
          "ordinal": 4,
          "path": "src/barrel.ts",
          "role": "import",
          "span": {
            "end": 15,
            "start": 9
          },
          "start": {
            "column": 9,
            "line": 0
          },
          "text": "Engine"
        }
      ],
      "kind": "search",
      "next_cursor": "cursor-2",
      "query": {
        "pattern": "Engine"
      },
      "skipped": [],
      "snapshot": "de8407994a5a6d41d5540dceab42ffe0d2a88a0ce656856d6875789b03fdbafa",
      "total_items": 14
    },
    "schema": 1,
    "status": "ok"
  },
  {
    "result": {
      "items": [
        {
          "content": "dff2cc5ef0415cef2621a51a39aa5c62d53339f8afa3628d03f4f2f89366f1a4",
          "end": {
            "column": 30,
            "line": 4
          },
          "id": "17b4721a5b3c",
          "kind": "type_identifier",
          "language": "typescript",
          "line": "type NamespaceUse = API.Engine;",
          "ordinal": 5,
          "path": "src/bindings.ts",
          "role": "use",
          "span": {
            "end": 163,
            "start": 157
          },
          "start": {
            "column": 24,
            "line": 4
          },
          "text": "Engine"
        },
        {
          "content": "dff2cc5ef0415cef2621a51a39aa5c62d53339f8afa3628d03f4f2f89366f1a4",
          "end": {
            "column": 15,
            "line": 6
          },
          "id": "7c3731360989",
          "kind": "identifier",
          "language": "typescript",
          "line": "import { Engine } from './local';",
          "ordinal": 6,
          "path": "src/bindings.ts",
          "role": "import",
          "span": {
            "end": 216,
            "start": 210
          },
          "start": {
            "column": 9,
            "line": 6
          },
          "text": "Engine"
        },
        {
          "content": "dff2cc5ef0415cef2621a51a39aa5c62d53339f8afa3628d03f4f2f89366f1a4",
          "end": {
            "column": 31,
            "line": 7
          },
          "id": "8d32a4492c60",
          "kind": "type_identifier",
          "language": "typescript",
          "line": "type DirectLocalExport = Engine;",
          "ordinal": 7,
          "path": "src/bindings.ts",
          "role": "use",
          "span": {
            "end": 266,
            "start": 260
          },
          "start": {
            "column": 25,
            "line": 7
          },
          "text": "Engine"
        }
      ],
      "kind": "search",
      "next_cursor": "cursor-3",
      "query": {
        "pattern": "Engine"
      },
      "skipped": [],
      "snapshot": "de8407994a5a6d41d5540dceab42ffe0d2a88a0ce656856d6875789b03fdbafa",
      "total_items": 14
    },
    "schema": 1,
    "status": "ok"
  },
  {
    "result": {
      "items": [
        {
          "content": "dff2cc5ef0415cef2621a51a39aa5c62d53339f8afa3628d03f4f2f89366f1a4",
          "end": {
            "column": 15,
            "line": 10
          },
          "id": "2aa4fdabc017",
          "kind": "identifier",
          "language": "typescript",
          "line": "import { Engine as Forwarded } from './forward';",
          "ordinal": 8,
          "path": "src/bindings.ts",
          "role": "import",
          "span": {
            "end": 335,
            "start": 329
          },
          "start": {
            "column": 9,
            "line": 10
          },
          "text": "Engine"
        },
        {
          "content": "5be2e2654b458fac77f228036306fa41fdf944f0a598345b3aec36b4dc54e0af",
          "end": {
            "column": 21,
            "line": 4
          },
          "id": "fd8c7270b5fc",
          "kind": "type_identifier",
          "language": "typescript",
          "line": "type Missing = Engine;",
          "ordinal": 9,
          "path": "src/consumer.ts",
          "role": "use",
          "span": {
            "end": 155,
            "start": 149
          },
          "start": {
            "column": 15,
            "line": 4
          },
          "text": "Engine"
        },
        {
          "content": "238c14eb7df369418419fdfd7b3c149af998421315327c41f19cd9ca1760d4ff",
          "end": {
            "column": 15,
            "line": 0
          },
          "id": "7070690144d7",
          "kind": "identifier",
          "language": "typescript",
          "line": "import { Engine } from './origin';",
          "ordinal": 10,
          "path": "src/forward.ts",
          "role": "import",
          "span": {
            "end": 15,
            "start": 9
          },
          "start": {
            "column": 9,
            "line": 0
          },
          "text": "Engine"
        }
      ],
      "kind": "search",
      "next_cursor": "cursor-4",
      "query": {
        "pattern": "Engine"
      },
      "skipped": [],
      "snapshot": "de8407994a5a6d41d5540dceab42ffe0d2a88a0ce656856d6875789b03fdbafa",
      "total_items": 14
    },
    "schema": 1,
    "status": "ok"
  },
  {
    "result": {
      "items": [
        {
          "content": "238c14eb7df369418419fdfd7b3c149af998421315327c41f19cd9ca1760d4ff",
          "end": {
            "column": 15,
            "line": 1
          },
          "id": "81963eb3f6ba",
          "kind": "identifier",
          "language": "typescript",
          "line": "export { Engine };",
          "ordinal": 11,
          "path": "src/forward.ts",
          "role": "use",
          "span": {
            "end": 50,
            "start": 44
          },
          "start": {
            "column": 9,
            "line": 1
          },
          "text": "Engine"
        },
        {
          "content": "c0e3a34b3ae88de539cbbdeba2182343d4112eb2e660be8c2f9c62deb2f66f10",
          "end": {
            "column": 15,
            "line": 1
          },
          "id": "3ec079752241",
          "kind": "identifier",
          "language": "typescript",
          "line": "export { Engine as PublicEngine };",
          "ordinal": 12,
          "path": "src/local.ts",
          "role": "use",
          "span": {
            "end": 31,
            "start": 25
          },
          "start": {
            "column": 9,
            "line": 1
          },
          "text": "Engine"
        },
        {
          "content": "c0e3a34b3ae88de539cbbdeba2182343d4112eb2e660be8c2f9c62deb2f66f10",
          "end": {
            "column": 15,
            "line": 2
          },
          "id": "fe8ed6f85ce9",
          "kind": "identifier",
          "language": "typescript",
          "line": "export { Engine };",
          "ordinal": 13,
          "path": "src/local.ts",
          "role": "use",
          "span": {
            "end": 66,
            "start": 60
          },
          "start": {
            "column": 9,
            "line": 2
          },
          "text": "Engine"
        }
      ],
      "kind": "search",
      "next_cursor": "cursor-5",
      "query": {
        "pattern": "Engine"
      },
      "skipped": [],
      "snapshot": "de8407994a5a6d41d5540dceab42ffe0d2a88a0ce656856d6875789b03fdbafa",
      "total_items": 14
    },
    "schema": 1,
    "status": "ok"
  },
  {
    "result": {
      "items": [
        {
          "content": "396a86c231e101ac12d17ba603f97fd4829f9fa13c843c4f54fade8733ced96c",
          "end": {
            "column": 39,
            "line": 1
          },
          "id": "5eb68c7607ea",
          "kind": "type_identifier",
          "language": "typescript",
          "line": "export interface Model { engine: Engine }",
          "ordinal": 14,
          "path": "src/origin.ts",
          "role": "use",
          "span": {
            "end": 85,
            "start": 79
          },
          "start": {
            "column": 33,
            "line": 1
          },
          "text": "Engine"
        }
      ],
      "kind": "search",
      "next_cursor": null,
      "query": {
        "pattern": "Engine"
      },
      "skipped": [],
      "snapshot": "de8407994a5a6d41d5540dceab42ffe0d2a88a0ce656856d6875789b03fdbafa",
      "total_items": 14
    },
    "schema": 1,
    "status": "ok"
  },
  {
    "result": {
      "items": [
        {
          "complete": true,
          "excerpt": {
            "content": "396a86c231e101ac12d17ba603f97fd4829f9fa13c843c4f54fade8733ced96c",
            "path": "src/origin.ts",
            "span": {
              "end": 45,
              "start": 0
            }
          },
          "expansion": null,
          "relation": "definition",
          "start": {
            "column": 0,
            "line": 0
          },
          "target": {
            "declaration": {
              "content": "396a86c231e101ac12d17ba603f97fd4829f9fa13c843c4f54fade8733ced96c",
              "path": "src/origin.ts",
              "span": {
                "end": 45,
                "start": 0
              }
            },
            "kind": "class",
            "language": "typescript",
            "name_span": {
              "end": 19,
              "start": 13
            }
          },
          "text": "export class Engine { public run(): void {} }",
          "via": null
        }
      ],
      "kind": "context",
      "next_cursor": "cursor-6",
      "outcome": "resolved",
      "references_by_name": true,
      "snapshot": "ea3ab4b42a478c849f59bafd356be0c242f4439deb16ff0886e52772929d6b58",
      "traversal_complete": false,
      "unresolved": {
        "ambiguous": 0,
        "no_container": 0,
        "unavailable": 0
      },
      "work": {
        "files": 0,
        "lookups": 0
      }
    },
    "schema": 1,
    "status": "ok"
  },
  {
    "result": {
      "items": [
        {
          "complete": true,
          "excerpt": {
            "content": "dff2cc5ef0415cef2621a51a39aa5c62d53339f8afa3628d03f4f2f89366f1a4",
            "path": "src/bindings.ts",
            "span": {
              "end": 164,
              "start": 133
            }
          },
          "expansion": null,
          "relation": "reference",
          "start": {
            "column": 0,
            "line": 4
          },
          "target": {
            "declaration": {
              "content": "dff2cc5ef0415cef2621a51a39aa5c62d53339f8afa3628d03f4f2f89366f1a4",
              "path": "src/bindings.ts",
              "span": {
                "end": 164,
                "start": 133
              }
            },
            "kind": "type-alias",
            "language": "typescript",
            "name_span": {
              "end": 150,
              "start": 138
            }
          },
          "text": "type NamespaceUse = API.Engine;",
          "via": {
            "content": "dff2cc5ef0415cef2621a51a39aa5c62d53339f8afa3628d03f4f2f89366f1a4",
            "path": "src/bindings.ts",
            "span": {
              "end": 163,
              "start": 157
            }
          }
        }
      ],
      "kind": "context",
      "next_cursor": "cursor-7",
      "outcome": "resolved",
      "references_by_name": true,
      "snapshot": "ea3ab4b42a478c849f59bafd356be0c242f4439deb16ff0886e52772929d6b58",
      "traversal_complete": false,
      "unresolved": {
        "ambiguous": 0,
        "no_container": 1,
        "unavailable": 0
      },
      "work": {
        "files": 2,
        "lookups": 4
      }
    },
    "schema": 1,
    "status": "ok"
  },
  {
    "result": {
      "items": [],
      "kind": "context",
      "next_cursor": "cursor-8",
      "outcome": "resolved",
      "references_by_name": true,
      "snapshot": "ea3ab4b42a478c849f59bafd356be0c242f4439deb16ff0886e52772929d6b58",
      "traversal_complete": false,
      "unresolved": {
        "ambiguous": 1,
        "no_container": 0,
        "unavailable": 1
      },
      "work": {
        "files": 2,
        "lookups": 3
      }
    },
    "schema": 1,
    "status": "ok"
  },
  {
    "result": {
      "items": [],
      "kind": "context",
      "next_cursor": "cursor-9",
      "outcome": "resolved",
      "references_by_name": true,
      "snapshot": "ea3ab4b42a478c849f59bafd356be0c242f4439deb16ff0886e52772929d6b58",
      "traversal_complete": false,
      "unresolved": {
        "ambiguous": 0,
        "no_container": 2,
        "unavailable": 0
      },
      "work": {
        "files": 2,
        "lookups": 2
      }
    },
    "schema": 1,
    "status": "ok"
  },
  {
    "result": {
      "items": [
        {
          "complete": true,
          "excerpt": {
            "content": "396a86c231e101ac12d17ba603f97fd4829f9fa13c843c4f54fade8733ced96c",
            "path": "src/origin.ts",
            "span": {
              "end": 85,
              "start": 71
            }
          },
          "expansion": null,
          "relation": "reference",
          "start": {
            "column": 25,
            "line": 1
          },
          "target": {
            "declaration": {
              "content": "396a86c231e101ac12d17ba603f97fd4829f9fa13c843c4f54fade8733ced96c",
              "path": "src/origin.ts",
              "span": {
                "end": 85,
                "start": 71
              }
            },
            "kind": "field",
            "language": "typescript",
            "name_span": {
              "end": 77,
              "start": 71
            }
          },
          "text": "engine: Engine",
          "via": {
            "content": "396a86c231e101ac12d17ba603f97fd4829f9fa13c843c4f54fade8733ced96c",
            "path": "src/origin.ts",
            "span": {
              "end": 85,
              "start": 79
            }
          }
        }
      ],
      "kind": "context",
      "next_cursor": "cursor-10",
      "outcome": "resolved",
      "references_by_name": true,
      "snapshot": "ea3ab4b42a478c849f59bafd356be0c242f4439deb16ff0886e52772929d6b58",
      "traversal_complete": false,
      "unresolved": {
        "ambiguous": 0,
        "no_container": 0,
        "unavailable": 0
      },
      "work": {
        "files": 2,
        "lookups": 4
      }
    },
    "schema": 1,
    "status": "ok"
  },
  {
    "result": {
      "items": [],
      "kind": "context",
      "next_cursor": null,
      "outcome": "resolved",
      "references_by_name": true,
      "snapshot": "ea3ab4b42a478c849f59bafd356be0c242f4439deb16ff0886e52772929d6b58",
      "traversal_complete": true,
      "unresolved": {
        "ambiguous": 0,
        "no_container": 0,
        "unavailable": 0
      },
      "work": {
        "files": 2,
        "lookups": 1
      }
    },
    "schema": 1,
    "status": "ok"
  }
]
