---
source: crates/vvv/tests/corpus.rs
expression: "JsonSnapshot(&serde_json::to_value(&transcript.replies).unwrap()).to_string()"
---
[
  {
    "result": {
      "intent": {"command":"move","from":"src/origin.ts","to":"src/relocated.ts"},
      "items": [
        {
          "index": 0,
          "kind": "metadata",
          "section": "move",
          "value": {"from":"","from_address":{"package":"","path":["src","origin.ts"]},"to":"","to_address":{"package":"","path":["src","relocated.ts"]}}
        },
        {"complete":true,"field":"/from","index":0,"kind":"text","offset":0,"section":"move","text":"src/origin.ts","total_bytes":13},
        {"complete":true,"field":"/to","index":0,"kind":"text","offset":0,"section":"move","text":"src/relocated.ts","total_bytes":16}
      ],
      "kind": "plan_review",
      "lifetime_seconds": 600,
      "mutation": "move",
      "next_cursor": "cursor-1",
      "plan_id": "cursor-2",
      "review_id": "948f604d21c1c3359d389f0921355e7da74331ccc40f148fb6b6c35988727e51",
      "totals": {"declarations":0,"edits":5,"files":5,"occurrences":0,"respellings":5}
    },
    "schema": 1,
    "status": "ok"
  },
  {
    "result": {
      "items": [
        {
          "index": 0,
          "kind": "metadata",
          "section": "respelling",
          "value": {"from":"","path":"src/barrel.ts","span":{"end":41,"start":33},"start":{"column":33,"line":0},"to":""}
        },
        {"complete":true,"field":"/from","index":0,"kind":"text","offset":0,"section":"respelling","text":"./origin","total_bytes":8},
        {"complete":true,"field":"/to","index":0,"kind":"text","offset":0,"section":"respelling","text":"./relocated","total_bytes":11}
      ],
      "kind": "plan_review",
      "lifetime_seconds": 600,
      "mutation": "move",
      "next_cursor": "cursor-3",
      "plan_id": "cursor-2",
      "review_id": "948f604d21c1c3359d389f0921355e7da74331ccc40f148fb6b6c35988727e51",
      "totals": {"declarations":0,"edits":5,"files":5,"occurrences":0,"respellings":5}
    },
    "schema": 1,
    "status": "ok"
  },
  {
    "result": {
      "items": [
        {
          "index": 1,
          "kind": "metadata",
          "section": "respelling",
          "value": {"from":"","path":"src/bindings.ts","span":{"end":63,"start":55},"start":{"column":22,"line":1},"to":""}
        },
        {"complete":true,"field":"/from","index":1,"kind":"text","offset":0,"section":"respelling","text":"./origin","total_bytes":8},
        {"complete":true,"field":"/to","index":1,"kind":"text","offset":0,"section":"respelling","text":"./relocated","total_bytes":11}
      ],
      "kind": "plan_review",
      "lifetime_seconds": 600,
      "mutation": "move",
      "next_cursor": "cursor-4",
      "plan_id": "cursor-2",
      "review_id": "948f604d21c1c3359d389f0921355e7da74331ccc40f148fb6b6c35988727e51",
      "totals": {"declarations":0,"edits":5,"files":5,"occurrences":0,"respellings":5}
    },
    "schema": 1,
    "status": "ok"
  },
  {
    "result": {
      "items": [
        {
          "index": 2,
          "kind": "metadata",
          "section": "respelling",
          "value": {"from":"","path":"src/consumer.ts","span":{"end":76,"start":68},"start":{"column":23,"line":1},"to":""}
        },
        {"complete":true,"field":"/from","index":2,"kind":"text","offset":0,"section":"respelling","text":"./origin","total_bytes":8},
        {"complete":true,"field":"/to","index":2,"kind":"text","offset":0,"section":"respelling","text":"./relocated","total_bytes":11}
      ],
      "kind": "plan_review",
      "lifetime_seconds": 600,
      "mutation": "move",
      "next_cursor": "cursor-5",
      "plan_id": "cursor-2",
      "review_id": "948f604d21c1c3359d389f0921355e7da74331ccc40f148fb6b6c35988727e51",
      "totals": {"declarations":0,"edits":5,"files":5,"occurrences":0,"respellings":5}
    },
    "schema": 1,
    "status": "ok"
  },
  {
    "result": {
      "items": [
        {
          "index": 3,
          "kind": "metadata",
          "section": "respelling",
          "value": {"from":"","path":"src/consumer.ts","span":{"end":111,"start":103},"start":{"column":24,"line":2},"to":""}
        },
        {"complete":true,"field":"/from","index":3,"kind":"text","offset":0,"section":"respelling","text":"./origin","total_bytes":8},
        {"complete":true,"field":"/to","index":3,"kind":"text","offset":0,"section":"respelling","text":"./relocated","total_bytes":11}
      ],
      "kind": "plan_review",
      "lifetime_seconds": 600,
      "mutation": "move",
      "next_cursor": "cursor-6",
      "plan_id": "cursor-2",
      "review_id": "948f604d21c1c3359d389f0921355e7da74331ccc40f148fb6b6c35988727e51",
      "totals": {"declarations":0,"edits":5,"files":5,"occurrences":0,"respellings":5}
    },
    "schema": 1,
    "status": "ok"
  },
  {
    "result": {
      "items": [
        {
          "index": 4,
          "kind": "metadata",
          "section": "respelling",
          "value": {"from":"","path":"src/forward.ts","span":{"end":32,"start":24},"start":{"column":24,"line":0},"to":""}
        },
        {"complete":true,"field":"/from","index":4,"kind":"text","offset":0,"section":"respelling","text":"./origin","total_bytes":8},
        {"complete":true,"field":"/to","index":4,"kind":"text","offset":0,"section":"respelling","text":"./relocated","total_bytes":11}
      ],
      "kind": "plan_review",
      "lifetime_seconds": 600,
      "mutation": "move",
      "next_cursor": "cursor-7",
      "plan_id": "cursor-2",
      "review_id": "948f604d21c1c3359d389f0921355e7da74331ccc40f148fb6b6c35988727e51",
      "totals": {"declarations":0,"edits":5,"files":5,"occurrences":0,"respellings":5}
    },
    "schema": 1,
    "status": "ok"
  },
  {
    "result": {
      "items": [
        {"index":0,"kind":"metadata","section":"file","value":{"path":"src/barrel.ts"}},
        {"file_index":0,"index":0,"kind":"metadata","section":"edit","value":{"replacement":"","span":{"end":41,"start":33}}},
        {"complete":true,"field":"/replacement","file_index":0,"index":0,"kind":"text","offset":0,"section":"edit","text":"./relocated","total_bytes":11}
      ],
      "kind": "plan_review",
      "lifetime_seconds": 600,
      "mutation": "move",
      "next_cursor": "cursor-8",
      "plan_id": "cursor-2",
      "review_id": "948f604d21c1c3359d389f0921355e7da74331ccc40f148fb6b6c35988727e51",
      "totals": {"declarations":0,"edits":5,"files":5,"occurrences":0,"respellings":5}
    },
    "schema": 1,
    "status": "ok"
  },
  {
    "result": {
      "items": [
        {
          "complete": true,
          "field": "/diff",
          "index": 0,
          "kind": "text",
          "offset": 0,
          "section": "diff",
          "text": "--- a/src/barrel.ts\n+++ b/src/barrel.ts\n@@ -1 +1 @@\n-export { Engine as Motor } from './origin';\n+export { Engine as Motor } from './relocated';\n",
          "total_bytes": 145
        },
        {"index":1,"kind":"metadata","section":"file","value":{"path":"src/bindings.ts"}},
        {"file_index":1,"index":0,"kind":"metadata","section":"edit","value":{"replacement":"","span":{"end":63,"start":55}}}
      ],
      "kind": "plan_review",
      "lifetime_seconds": 600,
      "mutation": "move",
      "next_cursor": "cursor-9",
      "plan_id": "cursor-2",
      "review_id": "948f604d21c1c3359d389f0921355e7da74331ccc40f148fb6b6c35988727e51",
      "totals": {"declarations":0,"edits":5,"files":5,"occurrences":0,"respellings":5}
    },
    "schema": 1,
    "status": "ok"
  },
  {
    "result": {
      "items": [
        {"complete":true,"field":"/replacement","file_index":1,"index":0,"kind":"text","offset":0,"section":"edit","text":"./relocated","total_bytes":11},
        {
          "complete": true,
          "field": "/diff",
          "index": 1,
          "kind": "text",
          "offset": 0,
          "section": "diff",
          "text": "--- a/src/bindings.ts\n+++ b/src/bindings.ts\n@@ -1,5 +1,5 @@\n import Runtime from './default';\n-import * as API from './origin';\n+import * as API from './relocated';\n import { PublicEngine } from './local';\n type DefaultUse = Runtime;\n type NamespaceUse = API.Engine;\n",
          "total_bytes": 267
        },
        {"index":2,"kind":"metadata","section":"file","value":{"path":"src/consumer.ts"}}
      ],
      "kind": "plan_review",
      "lifetime_seconds": 600,
      "mutation": "move",
      "next_cursor": "cursor-10",
      "plan_id": "cursor-2",
      "review_id": "948f604d21c1c3359d389f0921355e7da74331ccc40f148fb6b6c35988727e51",
      "totals": {"declarations":0,"edits":5,"files":5,"occurrences":0,"respellings":5}
    },
    "schema": 1,
    "status": "ok"
  },
  {
    "result": {
      "items": [
        {"file_index":2,"index":0,"kind":"metadata","section":"edit","value":{"replacement":"","span":{"end":76,"start":68}}},
        {"complete":true,"field":"/replacement","file_index":2,"index":0,"kind":"text","offset":0,"section":"edit","text":"./relocated","total_bytes":11},
        {"file_index":2,"index":1,"kind":"metadata","section":"edit","value":{"replacement":"","span":{"end":111,"start":103}}}
      ],
      "kind": "plan_review",
      "lifetime_seconds": 600,
      "mutation": "move",
      "next_cursor": "cursor-11",
      "plan_id": "cursor-2",
      "review_id": "948f604d21c1c3359d389f0921355e7da74331ccc40f148fb6b6c35988727e51",
      "totals": {"declarations":0,"edits":5,"files":5,"occurrences":0,"respellings":5}
    },
    "schema": 1,
    "status": "ok"
  },
  {
    "result": {
      "items": [
        {"complete":true,"field":"/replacement","file_index":2,"index":1,"kind":"text","offset":0,"section":"edit","text":"./relocated","total_bytes":11},
        {
          "complete": true,
          "field": "/diff",
          "index": 2,
          "kind": "text",
          "offset": 0,
          "section": "diff",
          "text": "--- a/src/consumer.ts\n+++ b/src/consumer.ts\n@@ -1,6 +1,6 @@\n import { Motor as Runtime } from './barrel';\n-import { Model } from './origin';\n-import { Hidden } from './origin';\n+import { Model } from './relocated';\n+import { Hidden } from './relocated';\n type App = Runtime;\n type Missing = Engine;\n type Private = Hidden;\n",
          "total_bytes": 323
        }
      ],
      "kind": "plan_review",
      "lifetime_seconds": 600,
      "mutation": "move",
      "next_cursor": "cursor-12",
      "plan_id": "cursor-2",
      "review_id": "948f604d21c1c3359d389f0921355e7da74331ccc40f148fb6b6c35988727e51",
      "totals": {"declarations":0,"edits":5,"files":5,"occurrences":0,"respellings":5}
    },
    "schema": 1,
    "status": "ok"
  },
  {
    "result": {
      "items": [
        {"index":3,"kind":"metadata","section":"file","value":{"path":"src/forward.ts"}},
        {"file_index":3,"index":0,"kind":"metadata","section":"edit","value":{"replacement":"","span":{"end":32,"start":24}}},
        {"complete":true,"field":"/replacement","file_index":3,"index":0,"kind":"text","offset":0,"section":"edit","text":"./relocated","total_bytes":11}
      ],
      "kind": "plan_review",
      "lifetime_seconds": 600,
      "mutation": "move",
      "next_cursor": "cursor-13",
      "plan_id": "cursor-2",
      "review_id": "948f604d21c1c3359d389f0921355e7da74331ccc40f148fb6b6c35988727e51",
      "totals": {"declarations":0,"edits":5,"files":5,"occurrences":0,"respellings":5}
    },
    "schema": 1,
    "status": "ok"
  },
  {
    "result": {
      "items": [
        {
          "complete": true,
          "field": "/diff",
          "index": 3,
          "kind": "text",
          "offset": 0,
          "section": "diff",
          "text": "--- a/src/forward.ts\n+++ b/src/forward.ts\n@@ -1,2 +1,2 @@\n-import { Engine } from './origin';\n+import { Engine } from './relocated';\n export { Engine };\n",
          "total_bytes": 153
        },
        {"index":4,"kind":"metadata","section":"file","value":{"moved_to":"src/relocated.ts","path":"src/origin.ts"}},
        {"complete":true,"field":"/diff","index":4,"kind":"text","offset":0,"section":"diff","text":"--- a/src/origin.ts\n+++ b/src/relocated.ts\n","total_bytes":43}
      ],
      "kind": "plan_review",
      "lifetime_seconds": 600,
      "mutation": "move",
      "next_cursor": null,
      "plan_id": "cursor-2",
      "review_id": "948f604d21c1c3359d389f0921355e7da74331ccc40f148fb6b6c35988727e51",
      "totals": {"declarations":0,"edits":5,"files":5,"occurrences":0,"respellings":5}
    },
    "schema": 1,
    "status": "ok"
  },
  {
    "result": {
      "lifetime_seconds": 600,
      "plan_id": "cursor-2",
      "preview": {
        "applied": false,
        "files": [
          {
            "diff": "--- a/src/barrel.ts\n+++ b/src/barrel.ts\n@@ -1 +1 @@\n-export { Engine as Motor } from './origin';\n+export { Engine as Motor } from './relocated';\n",
            "edits": [{"replacement":"./relocated","span":{"end":41,"start":33}}],
            "path": "src/barrel.ts"
          },
          {
            "diff": "--- a/src/bindings.ts\n+++ b/src/bindings.ts\n@@ -1,5 +1,5 @@\n import Runtime from './default';\n-import * as API from './origin';\n+import * as API from './relocated';\n import { PublicEngine } from './local';\n type DefaultUse = Runtime;\n type NamespaceUse = API.Engine;\n",
            "edits": [{"replacement":"./relocated","span":{"end":63,"start":55}}],
            "path": "src/bindings.ts"
          },
          {
            "diff": "--- a/src/consumer.ts\n+++ b/src/consumer.ts\n@@ -1,6 +1,6 @@\n import { Motor as Runtime } from './barrel';\n-import { Model } from './origin';\n-import { Hidden } from './origin';\n+import { Model } from './relocated';\n+import { Hidden } from './relocated';\n type App = Runtime;\n type Missing = Engine;\n type Private = Hidden;\n",
            "edits": [{"replacement":"./relocated","span":{"end":76,"start":68}},{"replacement":"./relocated","span":{"end":111,"start":103}}],
            "path": "src/consumer.ts"
          },
          {
            "diff": "--- a/src/forward.ts\n+++ b/src/forward.ts\n@@ -1,2 +1,2 @@\n-import { Engine } from './origin';\n+import { Engine } from './relocated';\n export { Engine };\n",
            "edits": [{"replacement":"./relocated","span":{"end":32,"start":24}}],
            "path": "src/forward.ts"
          },
          {"diff":"--- a/src/origin.ts\n+++ b/src/relocated.ts\n","edits":[],"moved_to":"src/relocated.ts","path":"src/origin.ts"}
        ],
        "from": "src/origin.ts",
        "from_address": {"package":"","path":["src","origin.ts"]},
        "intent": {"from":"src/origin.ts","to":"src/relocated.ts"},
        "respellings": [
          {"from":"./origin","path":"src/barrel.ts","span":{"end":41,"start":33},"start":{"column":33,"line":0},"to":"./relocated"},
          {"from":"./origin","path":"src/bindings.ts","span":{"end":63,"start":55},"start":{"column":22,"line":1},"to":"./relocated"},
          {"from":"./origin","path":"src/consumer.ts","span":{"end":76,"start":68},"start":{"column":23,"line":1},"to":"./relocated"},
          {"from":"./origin","path":"src/consumer.ts","span":{"end":111,"start":103},"start":{"column":24,"line":2},"to":"./relocated"},
          {"from":"./origin","path":"src/forward.ts","span":{"end":32,"start":24},"start":{"column":24,"line":0},"to":"./relocated"}
        ],
        "to": "src/relocated.ts",
        "to_address": {"package":"","path":["src","relocated.ts"]}
      },
      "state": "prepared"
    },
    "schema": 1,
    "status": "ok"
  },
  {
    "result": {
      "files": [
        {"content":"72fb1fb0b9f82b00b3e016250107ba66ad4061a42d206944560232921e7f8e74","path":"src/barrel.ts"},
        {"content":"272c23f7d4f95f89bc0a342e415270fe60ed41b596fdb81aa143f9ec99ce0916","path":"src/bindings.ts"},
        {"content":"9763e6024f28bfe9d85c8e5c44ea406d6ab496d2a17bb19554a97fc5cc9e098b","path":"src/consumer.ts"},
        {"content":"9d9cb8b33626ecdca8481e7ff4df118c7b354c58f5a4e12505482366325d8cc9","path":"src/forward.ts"},
        {"content":"396a86c231e101ac12d17ba603f97fd4829f9fa13c843c4f54fade8733ced96c","path":"src/relocated.ts"}
      ],
      "history_id": 1,
      "plan_id": "cursor-2"
    },
    "schema": 1,
    "status": "ok"
  },
  {
    "result": {
      "files": [
        {"content":"72fb1fb0b9f82b00b3e016250107ba66ad4061a42d206944560232921e7f8e74","path":"src/barrel.ts"},
        {"content":"272c23f7d4f95f89bc0a342e415270fe60ed41b596fdb81aa143f9ec99ce0916","path":"src/bindings.ts"},
        {"content":"9763e6024f28bfe9d85c8e5c44ea406d6ab496d2a17bb19554a97fc5cc9e098b","path":"src/consumer.ts"},
        {"content":"9d9cb8b33626ecdca8481e7ff4df118c7b354c58f5a4e12505482366325d8cc9","path":"src/forward.ts"},
        {"content":"396a86c231e101ac12d17ba603f97fd4829f9fa13c843c4f54fade8733ced96c","path":"src/relocated.ts"}
      ],
      "history_id": 1,
      "plan_id": "cursor-2"
    },
    "schema": 1,
    "status": "ok"
  },
  {
    "result": {
      "files": [
        {"content":"72fb1fb0b9f82b00b3e016250107ba66ad4061a42d206944560232921e7f8e74","path":"src/barrel.ts"},
        {"content":"272c23f7d4f95f89bc0a342e415270fe60ed41b596fdb81aa143f9ec99ce0916","path":"src/bindings.ts"},
        {"content":"9763e6024f28bfe9d85c8e5c44ea406d6ab496d2a17bb19554a97fc5cc9e098b","path":"src/consumer.ts"},
        {"content":"9d9cb8b33626ecdca8481e7ff4df118c7b354c58f5a4e12505482366325d8cc9","path":"src/forward.ts"},
        {"content":"396a86c231e101ac12d17ba603f97fd4829f9fa13c843c4f54fade8733ced96c","path":"src/relocated.ts"}
      ],
      "history_id": 1,
      "plan_id": "cursor-2"
    },
    "schema": 1,
    "status": "ok"
  }
]
