---
source: crates/vvv/tests/corpus.rs
expression: "corpus.run(args, true)"
---
exit 0
--- stdout ---
{
  "status": "ok",
  "schema": 1,
  "result": {
    "snapshot": "b95c36c830a0eac34d329d08bc5603b496ee78dc055e398fea1cbcef72f72f77",
    "outcome": "resolved",
    "items": [
      {
        "target": {
          "language": "typescript",
          "declaration": {
            "path": "src/signatures.ts",
            "content": "39e33edb490eed44c6a1b7d87db97f505968081dd685540b3a442f73684a146a",
            "span": {
              "start": 0,
              "end": 170
            }
          },
          "name_span": {
            "start": 79,
            "end": 84
          },
          "kind": "function"
        },
        "relation": "definition",
        "via": null,
        "excerpt": {
          "path": "src/signatures.ts",
          "content": "39e33edb490eed44c6a1b7d87db97f505968081dd685540b3a442f73684a146a",
          "span": {
            "start": 0,
            "end": 137
          }
        },
        "start": {
          "line": 0,
          "column": 0
        },
        "text": "/** Preserve the object return type and generic constraint. */\nexport function build<T extends { value: number }>(input: T): { value: T }",
        "complete": true,
        "signature": {
          "outcome": "available",
          "requested": {
            "path": "src/signatures.ts",
            "content": "39e33edb490eed44c6a1b7d87db97f505968081dd685540b3a442f73684a146a",
            "span": {
              "start": 0,
              "end": 137
            }
          }
        }
      }
    ],
    "omissions": {
      "item_limit": 0,
      "byte_limit": 0,
      "lookup_limit": 0,
      "file_limit": 0,
      "ambiguous": 0,
      "unavailable": 0,
      "no_container": 0
    },
    "references_by_name": false
  }
}
--- stderr ---
