---
source: crates/vvv/tests/corpus.rs
expression: "self.run(args, true)"
---
exit 0
--- stdout ---
{
  "result": {
    "evidence": {"addresses":[]},
    "outcome": "resolved",
    "preview": {
      "container": {
        "declaration": {"content":"85d867f17cfea9f54bfb2d91b6957f77346a0b3ef29305c18ffeb4f29f88bde9","path":"src/methods.tsx","span":{"end":220,"start":209}},
        "kind": "parameter",
        "language": "tsx",
        "name_span": {"end":218,"start":214}
      },
      "declaration": {
        "content": "85d867f17cfea9f54bfb2d91b6957f77346a0b3ef29305c18ffeb4f29f88bde9",
        "end": {"column":20,"line":5},
        "id": "4b7b6a2bc36e",
        "kind": "declaration",
        "language": "tsx",
        "line": "  nested([...[tail]]) {",
        "path": "src/methods.tsx",
        "role": "declaration",
        "span": {"end":220,"start":209},
        "start": {"column":9,"line":5},
        "symbol": {"extent":{"end":220,"start":209},"kind":"parameter","name":"tail","name_span":{"end":218,"start":214},"span":{"end":220,"start":209}},
        "text": "[...[tail]]"
      },
      "identifiers": [{"content":"85d867f17cfea9f54bfb2d91b6957f77346a0b3ef29305c18ffeb4f29f88bde9","path":"src/methods.tsx","span":{"end":218,"start":214}}],
      "selection": {"end":218,"start":214},
      "source": {"$snapshot":"ts-parameters__source__src%2Fmethods.tsx__json.snap"}
    },
    "snapshot": "4c22fe4ae46eeb65c89acd84f8c73eca369bce0f9f716791321421487a008cb4",
    "target": {
      "declaration": {"content":"85d867f17cfea9f54bfb2d91b6957f77346a0b3ef29305c18ffeb4f29f88bde9","path":"src/methods.tsx","span":{"end":220,"start":209}},
      "kind": "parameter",
      "language": "tsx",
      "name_span": {"end":218,"start":214}
    }
  },
  "schema": 1,
  "status": "ok"
}
--- stderr ---
