---
source: crates/vvv/tests/corpus.rs
expression: "corpus.run(args, true)"
---
exit 0
--- stdout ---
{
  "status": "ok",
  "schema": 1,
  "result": {
    "snapshot": "d34cdbd8466f9506d35e17179391c02a6b0139e82aebe8a4123b39e79990c15f",
    "outcome": "resolved",
    "target": {
      "language": "tsx",
      "declaration": {
        "path": "src/view.tsx",
        "content": "fbd66f2f5b9f82ad8b8a4b5f005a73379f902deef7eed7b21cf3710d9c69e39f",
        "span": {
          "start": 66,
          "end": 78
        }
      },
      "name_span": {
        "start": 68,
        "end": 73
      },
      "kind": "parameter"
    },
    "evidence": {
      "addresses": []
    },
    "preview": {
      "container": {
        "language": "tsx",
        "declaration": {
          "path": "src/view.tsx",
          "content": "fbd66f2f5b9f82ad8b8a4b5f005a73379f902deef7eed7b21cf3710d9c69e39f",
          "span": {
            "start": 66,
            "end": 78
          }
        },
        "name_span": {
          "start": 68,
          "end": 73
        },
        "kind": "parameter"
      },
      "declaration": {
        "content": "fbd66f2f5b9f82ad8b8a4b5f005a73379f902deef7eed7b21cf3710d9c69e39f",
        "id": "be3dd9eb5b70",
        "path": "src/view.tsx",
        "language": "tsx",
        "span": {
          "start": 66,
          "end": 78
        },
        "start": {
          "line": 2,
          "column": 26
        },
        "end": {
          "line": 2,
          "column": 38
        },
        "kind": "declaration",
        "text": "{ title }: T",
        "line": "    const callback = <T,>({ title }: T) => <div>{title}</div>;",
        "symbol": {
          "kind": "parameter",
          "name": "title",
          "name_span": {
            "start": 68,
            "end": 73
          },
          "span": {
            "start": 66,
            "end": 78
          },
          "extent": {
            "start": 66,
            "end": 78
          }
        },
        "role": "declaration"
      },
      "source": {
        "path": "src/view.tsx",
        "text": "export class View {\n  render(entries) {\n    const callback = <T,>({ title }: T) => <div>{title}</div>;\n    return entries;\n  }\n}\n",
        "highlights": [
          {
            "span": {
              "start": 0,
              "end": 6
            },
            "kind": "keyword"
          },
          {
            "span": {
              "start": 7,
              "end": 12
            },
            "kind": "keyword"
          },
          {
            "span": {
              "start": 13,
              "end": 17
            },
            "kind": "type"
          },
          {
            "span": {
              "start": 22,
              "end": 28
            },
            "kind": "function"
          },
          {
            "span": {
              "start": 44,
              "end": 49
            },
            "kind": "keyword"
          },
          {
            "span": {
              "start": 62,
              "end": 63
            },
            "kind": "type"
          },
          {
            "span": {
              "start": 77,
              "end": 78
            },
            "kind": "type"
          },
          {
            "span": {
              "start": 107,
              "end": 113
            },
            "kind": "keyword"
          }
        ],
        "symbols": [
          {
            "kind": "class",
            "name": "View",
            "name_span": {
              "start": 13,
              "end": 17
            },
            "span": {
              "start": 7,
              "end": 128
            },
            "extent": {
              "start": 0,
              "end": 128
            },
            "visibility": {
              "span": {
                "start": 0,
                "end": 6
              },
              "text": "export"
            }
          },
          {
            "kind": "method",
            "name": "render",
            "name_span": {
              "start": 22,
              "end": 28
            },
            "span": {
              "start": 22,
              "end": 126
            },
            "extent": {
              "start": 22,
              "end": 126
            }
          },
          {
            "kind": "variable",
            "name": "callback",
            "name_span": {
              "start": 50,
              "end": 58
            },
            "span": {
              "start": 50,
              "end": 101
            },
            "extent": {
              "start": 50,
              "end": 101
            }
          },
          {
            "kind": "parameter",
            "name": "entries",
            "name_span": {
              "start": 29,
              "end": 36
            },
            "span": {
              "start": 29,
              "end": 36
            },
            "extent": {
              "start": 29,
              "end": 36
            }
          },
          {
            "kind": "type-parameter",
            "name": "T",
            "name_span": {
              "start": 62,
              "end": 63
            },
            "span": {
              "start": 62,
              "end": 63
            },
            "extent": {
              "start": 62,
              "end": 63
            }
          },
          {
            "kind": "parameter",
            "name": "title",
            "name_span": {
              "start": 68,
              "end": 73
            },
            "span": {
              "start": 66,
              "end": 78
            },
            "extent": {
              "start": 66,
              "end": 78
            }
          }
        ],
        "identifiers": [
          {
            "path": "src/view.tsx",
            "content": "fbd66f2f5b9f82ad8b8a4b5f005a73379f902deef7eed7b21cf3710d9c69e39f",
            "span": {
              "start": 13,
              "end": 17
            }
          },
          {
            "path": "src/view.tsx",
            "content": "fbd66f2f5b9f82ad8b8a4b5f005a73379f902deef7eed7b21cf3710d9c69e39f",
            "span": {
              "start": 22,
              "end": 28
            }
          },
          {
            "path": "src/view.tsx",
            "content": "fbd66f2f5b9f82ad8b8a4b5f005a73379f902deef7eed7b21cf3710d9c69e39f",
            "span": {
              "start": 29,
              "end": 36
            }
          },
          {
            "path": "src/view.tsx",
            "content": "fbd66f2f5b9f82ad8b8a4b5f005a73379f902deef7eed7b21cf3710d9c69e39f",
            "span": {
              "start": 50,
              "end": 58
            }
          },
          {
            "path": "src/view.tsx",
            "content": "fbd66f2f5b9f82ad8b8a4b5f005a73379f902deef7eed7b21cf3710d9c69e39f",
            "span": {
              "start": 62,
              "end": 63
            }
          },
          {
            "path": "src/view.tsx",
            "content": "fbd66f2f5b9f82ad8b8a4b5f005a73379f902deef7eed7b21cf3710d9c69e39f",
            "span": {
              "start": 68,
              "end": 73
            }
          },
          {
            "path": "src/view.tsx",
            "content": "fbd66f2f5b9f82ad8b8a4b5f005a73379f902deef7eed7b21cf3710d9c69e39f",
            "span": {
              "start": 77,
              "end": 78
            }
          },
          {
            "path": "src/view.tsx",
            "content": "fbd66f2f5b9f82ad8b8a4b5f005a73379f902deef7eed7b21cf3710d9c69e39f",
            "span": {
              "start": 84,
              "end": 87
            }
          },
          {
            "path": "src/view.tsx",
            "content": "fbd66f2f5b9f82ad8b8a4b5f005a73379f902deef7eed7b21cf3710d9c69e39f",
            "span": {
              "start": 89,
              "end": 94
            }
          },
          {
            "path": "src/view.tsx",
            "content": "fbd66f2f5b9f82ad8b8a4b5f005a73379f902deef7eed7b21cf3710d9c69e39f",
            "span": {
              "start": 97,
              "end": 100
            }
          },
          {
            "path": "src/view.tsx",
            "content": "fbd66f2f5b9f82ad8b8a4b5f005a73379f902deef7eed7b21cf3710d9c69e39f",
            "span": {
              "start": 114,
              "end": 121
            }
          }
        ]
      },
      "selection": {
        "start": 68,
        "end": 73
      },
      "identifiers": [
        {
          "path": "src/view.tsx",
          "content": "fbd66f2f5b9f82ad8b8a4b5f005a73379f902deef7eed7b21cf3710d9c69e39f",
          "span": {
            "start": 68,
            "end": 73
          }
        },
        {
          "path": "src/view.tsx",
          "content": "fbd66f2f5b9f82ad8b8a4b5f005a73379f902deef7eed7b21cf3710d9c69e39f",
          "span": {
            "start": 77,
            "end": 78
          }
        }
      ]
    }
  }
}
--- stderr ---
