---
source: crates/vvv/tests/corpus.rs
expression: "self.run(args, true)"
---
exit 0
--- stdout ---
{
  "result": {
    "evidence": {"addresses":[]},
    "outcome": "resolved",
    "preview": {
      "container": {
        "declaration": {"content":"522b69bcc5ffbbf5165bc02f9ca968f2ad7a170653e2f8eb26ea2c90638d813b","path":"src/module.ts","span":{"end":877,"start":844}},
        "kind": "interface",
        "language": "typescript",
        "name_span": {"end":859,"start":854}
      },
      "declaration": {
        "content": "522b69bcc5ffbbf5165bc02f9ca968f2ad7a170653e2f8eb26ea2c90638d813b",
        "end": {"column":35,"line":41},
        "id": "19251300a990",
        "kind": "declaration",
        "language": "typescript",
        "line": "  interface Shape { size: number; }",
        "path": "src/module.ts",
        "role": "declaration",
        "span": {"end":877,"start":844},
        "start": {"column":2,"line":41},
        "symbol": {"extent":{"end":877,"start":844},"kind":"interface","name":"Shape","name_span":{"end":859,"start":854},"span":{"end":877,"start":844}},
        "text": "interface Shape { size: number; }"
      },
      "identifiers": [
        {"content":"522b69bcc5ffbbf5165bc02f9ca968f2ad7a170653e2f8eb26ea2c90638d813b","path":"src/module.ts","span":{"end":859,"start":854}},
        {"content":"522b69bcc5ffbbf5165bc02f9ca968f2ad7a170653e2f8eb26ea2c90638d813b","path":"src/module.ts","span":{"end":866,"start":862}}
      ],
      "selection": {"end":859,"start":854},
      "source": {"$snapshot":"ts-scope-owners__source__src%2Fmodule.ts__json.snap"}
    },
    "snapshot": "8869f8b1acdd87942bb07cc07bb77f89e8d350bf5bd2f94dfc5e4e52f19e7a27",
    "target": {
      "declaration": {"content":"522b69bcc5ffbbf5165bc02f9ca968f2ad7a170653e2f8eb26ea2c90638d813b","path":"src/module.ts","span":{"end":877,"start":844}},
      "kind": "interface",
      "language": "typescript",
      "name_span": {"end":859,"start":854}
    }
  },
  "schema": 1,
  "status": "ok"
}
--- stderr ---
