---
source: crates/vvv/tests/corpus.rs
expression: "self.run(args, true)"
---
exit 0
--- stdout ---
{
  "result": {
    "evidence": {"addresses":[]},
    "outcome": "resolved",
    "preview": {
      "container": {
        "declaration": {"content":"b05ce73c9ede407e5b1f786ceebd097d43143f56dd084df554d647b63bdb84d9","path":"src/scopes.ts","span":{"end":164,"start":155}},
        "kind": "variable",
        "language": "typescript",
        "name_span": {"end":160,"start":155}
      },
      "declaration": {
        "content": "b05ce73c9ede407e5b1f786ceebd097d43143f56dd084df554d647b63bdb84d9",
        "end": {"column":17,"line":5},
        "id": "caff445303df",
        "kind": "declaration",
        "language": "typescript",
        "line": "  { let outer = 1; outer; }",
        "path": "src/scopes.ts",
        "role": "declaration",
        "span": {"end":164,"start":155},
        "start": {"column":8,"line":5},
        "symbol": {"extent":{"end":164,"start":155},"kind":"variable","name":"outer","name_span":{"end":160,"start":155},"span":{"end":164,"start":155}},
        "text": "outer = 1"
      },
      "identifiers": [{"content":"b05ce73c9ede407e5b1f786ceebd097d43143f56dd084df554d647b63bdb84d9","path":"src/scopes.ts","span":{"end":160,"start":155}}],
      "selection": {"end":160,"start":155},
      "source": {"$snapshot":"ts-var-hoisting__source__src%2Fscopes.ts__json.snap"}
    },
    "snapshot": "c329d031a0acdb9c49cdd2a1471d3e7e4379bb0f7c58836db0b4625545606699",
    "target": {
      "declaration": {"content":"b05ce73c9ede407e5b1f786ceebd097d43143f56dd084df554d647b63bdb84d9","path":"src/scopes.ts","span":{"end":164,"start":155}},
      "kind": "variable",
      "language": "typescript",
      "name_span": {"end":160,"start":155}
    }
  },
  "schema": 1,
  "status": "ok"
}
--- stderr ---
