---
source: crates/vvv/tests/corpus.rs
expression: "self.run(args, true)"
---
exit 0
--- stdout ---
{
  "result": {
    "evidence": {"addresses":[]},
    "outcome": "resolved",
    "preview": {
      "container": {
        "declaration": {"content":"b05ce73c9ede407e5b1f786ceebd097d43143f56dd084df554d647b63bdb84d9","path":"src/scopes.ts","span":{"end":735,"start":722}},
        "kind": "variable",
        "language": "typescript",
        "name_span": {"end":727,"start":722}
      },
      "declaration": {
        "content": "b05ce73c9ede407e5b1f786ceebd097d43143f56dd084df554d647b63bdb84d9",
        "end": {"column":48,"line":27},
        "id": "e647039a05eb",
        "kind": "declaration",
        "language": "typescript",
        "line": "  const inner = () => { local; var local = input; return local; };",
        "path": "src/scopes.ts",
        "role": "declaration",
        "span": {"end":735,"start":722},
        "start": {"column":35,"line":27},
        "symbol": {"extent":{"end":735,"start":722},"kind":"variable","name":"local","name_span":{"end":727,"start":722},"span":{"end":735,"start":722}},
        "text": "local = input"
      },
      "identifiers": [
        {"content":"b05ce73c9ede407e5b1f786ceebd097d43143f56dd084df554d647b63bdb84d9","path":"src/scopes.ts","span":{"end":727,"start":722}},
        {"content":"b05ce73c9ede407e5b1f786ceebd097d43143f56dd084df554d647b63bdb84d9","path":"src/scopes.ts","span":{"end":735,"start":730}}
      ],
      "selection": {"end":727,"start":722},
      "source": {"$snapshot":"ts-var-hoisting__source__src%2Fscopes.ts__json.snap"}
    },
    "snapshot": "c329d031a0acdb9c49cdd2a1471d3e7e4379bb0f7c58836db0b4625545606699",
    "target": {
      "declaration": {"content":"b05ce73c9ede407e5b1f786ceebd097d43143f56dd084df554d647b63bdb84d9","path":"src/scopes.ts","span":{"end":735,"start":722}},
      "kind": "variable",
      "language": "typescript",
      "name_span": {"end":727,"start":722}
    }
  },
  "schema": 1,
  "status": "ok"
}
--- stderr ---
